#
# There is insufficient memory for the Java Runtime Environment to continue.
# Native memory allocation (mmap) failed to map 31457280 bytes. Error detail: G1 virtual space
# Possible reasons:
#   The system is out of physical RAM or swap space
#   This process is running with CompressedOops enabled, and the Java Heap may be blocking the growth of the native heap
# Possible solutions:
#   Reduce memory load on the system
#   Increase physical memory or swap space
#   Check if swap backing store is full
#   Decrease Java heap size (-Xmx/-Xms)
#   Decrease number of Java threads
#   Decrease Java thread stack sizes (-Xss)
#   Set larger code cache with -XX:ReservedCodeCacheSize=
#   JVM is running with Zero Based Compressed Oops mode in which the Java heap is
#     placed in the first 32GB address space. The Java Heap base address is the
#     maximum limit for the native heap growth. Please use -XX:HeapBaseMinAddress
#     to set the Java Heap base and to place the Java Heap above 32GB virtual address.
# This output file may be truncated or incomplete.
#
#  Out of Memory Error (os_windows.cpp:3686), pid=17596, tid=19168
#
# JRE version: OpenJDK Runtime Environment Temurin-21.0.7+6 (21.0.7+6) (build 21.0.7+6-LTS)
# Java VM: OpenJDK 64-Bit Server VM Temurin-21.0.7+6 (21.0.7+6-LTS, mixed mode, sharing, tiered, compressed oops, compressed class ptrs, g1 gc, windows-amd64)
# No core dump will be written. Minidumps are not enabled by default on client versions of Windows
#

---------------  S U M M A R Y ------------

Command Line: -Dfml.modFolders=mcreator%%C:\Users\neryj\Documents\GitHub\minecraft_limonata\MCreatorWorkspaces\limonata\build\classes\java\main;mcreator%%C:\Users\neryj\Documents\GitHub\minecraft_limonata\MCreatorWorkspaces\limonata\build\resources\main --module-path=C:\\Users\\neryj\\.mcreator\\gradle\\caches\\modules-2\\files-2.1\\net.neoforged\\JarJarFileSystems\\0.4.1\\78f59f89defcd032ed788b151ca6a0d40ace796a\\JarJarFileSystems-0.4.1.jar;C:\\Users\\neryj\\.mcreator\\gradle\\caches\\modules-2\\files-2.1\\cpw.mods\\bootstraplauncher\\2.0.2\\1a2d076cbc33b0520cbacd591224427b2a20047d\\bootstraplauncher-2.0.2.jar;C:\\Users\\neryj\\.mcreator\\gradle\\caches\\modules-2\\files-2.1\\cpw.mods\\securejarhandler\\3.0.8\\c0ef95cecd8699a0449053ac7d9c160748d902cd\\securejarhandler-3.0.8.jar;C:\\Users\\neryj\\.mcreator\\gradle\\caches\\modules-2\\files-2.1\\org.ow2.asm\\asm-commons\\9.7\\e86dda4696d3c185fcc95d8d311904e7ce38a53f\\asm-commons-9.7.jar;C:\\Users\\neryj\\.mcreator\\gradle\\caches\\modules-2\\files-2.1\\org.ow2.asm\\asm-util\\9.7\\c0655519f24d92af2202cb681cd7c1569df6ead6\\asm-util-9.7.jar;C:\\Users\\neryj\\.mcreator\\gradle\\caches\\modules-2\\files-2.1\\org.ow2.asm\\asm-analysis\\9.7\\e4a258b7eb96107106c0599f0061cfc1832fe07a\\asm-analysis-9.7.jar;C:\\Users\\neryj\\.mcreator\\gradle\\caches\\modules-2\\files-2.1\\org.ow2.asm\\asm-tree\\9.7\\e446a17b175bfb733b87c5c2560ccb4e57d69f1a\\asm-tree-9.7.jar;C:\\Users\\neryj\\.mcreator\\gradle\\caches\\modules-2\\files-2.1\\org.ow2.asm\\asm\\9.7\\73d7b3086e14beb604ced229c302feff6449723\\asm-9.7.jar --add-modules=ALL-MODULE-PATH --add-opens=java.base/java.util.jar=cpw.mods.securejarhandler --add-opens=java.base/java.lang.invoke=cpw.mods.securejarhandler --add-exports=java.base/sun.security.util=cpw.mods.securejarhandler --add-exports=jdk.naming.dns/com.sun.jndi.dns=java.naming -Dcom.sun.management.jmxremote.port=1099 -Dcom.sun.management.jmxremote.local.only=true -Dcom.sun.management.jmxremote.ssl=false -Dcom.sun.management.jmxremote.authenticate=false -Dlog4j2.configurationFile=C:\\Users\\neryj\\Documents\\GitHub\\minecraft_limonata\\MCreatorWorkspaces\\limonata\\build\\moddev\\clientLog4j2.xml -Djava.net.preferIPv6Addresses=system -DignoreList=mixinextras-neoforge-0.4.1.jar,client-extra,neoforge- -DlegacyClassPath.file=C:\\Users\\neryj\\Documents\\GitHub\\minecraft_limonata\\MCreatorWorkspaces\\limonata\\build\\moddev\\clientLegacyClasspath.txt -Dneoforge.enableGameTest=true -Dforge.logging.markers=REGISTRIES -Dfile.encoding=UTF-8 -Duser.country=US -Duser.language=en -Duser.variant net.neoforged.devlaunch.Main @C:\\Users\\neryj\\Documents\\GitHub\\minecraft_limonata\\MCreatorWorkspaces\\limonata\\build\\moddev\\clientRunProgramArgs.txt

Host: AMD Ryzen 5 5600 6-Core Processor              , 12 cores, 15G,  Windows 11 , 64 bit Build 26100 (10.0.26100.4768)
Time: Fri Aug 15 21:14:13 2025 W. Europe Daylight Time elapsed time: 8.164262 seconds (0d 0h 0m 8s)

---------------  T H R E A D  ---------------

Current thread (0x00000195b6d46bf0):  VMThread "VM Thread"          [id=19168, stack(0x000000453a400000,0x000000453a500000) (1024K)]

Stack: [0x000000453a400000,0x000000453a500000]
Native frames: (J=compiled Java code, j=interpreted, Vv=VM code, C=native code)
V  [jvm.dll+0x6ce119]
V  [jvm.dll+0x8a84a1]
V  [jvm.dll+0x8aa9ce]
V  [jvm.dll+0x8ab0b3]
V  [jvm.dll+0x27f8a6]
V  [jvm.dll+0x6ca945]
V  [jvm.dll+0x6bebea]
V  [jvm.dll+0x355eca]
V  [jvm.dll+0x35da96]
V  [jvm.dll+0x3af72e]
V  [jvm.dll+0x3af9d8]
V  [jvm.dll+0x32a05c]
V  [jvm.dll+0x32a0e7]
V  [jvm.dll+0x36deac]
V  [jvm.dll+0x36c6f8]
V  [jvm.dll+0x329821]
V  [jvm.dll+0x36bd6a]
V  [jvm.dll+0x8b0dcf]
V  [jvm.dll+0x8b2154]
V  [jvm.dll+0x8b2690]
V  [jvm.dll+0x8b2933]
V  [jvm.dll+0x851f6b]
V  [jvm.dll+0x6cc7dd]
C  [ucrtbase.dll+0x37b0]
C  [KERNEL32.DLL+0x2e8d7]
C  [ntdll.dll+0x3c34c]

VM_Operation (0x000000453d8fdd30): G1CollectForAllocation, mode: safepoint, requested by thread 0x00000195fecea7b0


---------------  P R O C E S S  ---------------

Threads class SMR info:
_java_thread_list=0x0000019587752350, length=35, elements={
0x0000019597919780, 0x00000195b6d606f0, 0x00000195b6d61340, 0x00000195b6d68780,
0x00000195b6d6b680, 0x00000195b6d6c0d0, 0x00000195b6d6cb20, 0x00000195b6d6e2b0,
0x00000195b71fd9a0, 0x00000195b72e2200, 0x00000195b73c6f30, 0x00000195fd1d7e70,
0x00000195b7d26320, 0x00000195fd134870, 0x00000195ff0bc9a0, 0x00000195801f74c0,
0x00000195fd2a9fe0, 0x00000195fd2aa640, 0x00000195fde136b0, 0x00000195fd052270,
0x00000195fd050ec0, 0x00000195fd054340, 0x00000195fd053620, 0x00000195fd051550,
0x00000195fd051be0, 0x00000195fd052900, 0x00000195fd052f90, 0x00000195fd053cb0,
0x00000195fece9a90, 0x00000195feceae40, 0x00000195b71fd2d0, 0x00000195b71fee10,
0x00000195fece86e0, 0x00000195fecea7b0, 0x00000195fecec880
}

Java Threads: ( => current thread )
  0x0000019597919780 JavaThread "main"                              [_thread_blocked, id=3596, stack(0x0000004539d00000,0x0000004539e00000) (1024K)]
  0x00000195b6d606f0 JavaThread "Reference Handler"          daemon [_thread_blocked, id=8060, stack(0x000000453a500000,0x000000453a600000) (1024K)]
  0x00000195b6d61340 JavaThread "Finalizer"                  daemon [_thread_blocked, id=6900, stack(0x000000453a600000,0x000000453a700000) (1024K)]
  0x00000195b6d68780 JavaThread "Signal Dispatcher"          daemon [_thread_blocked, id=5704, stack(0x000000453a700000,0x000000453a800000) (1024K)]
  0x00000195b6d6b680 JavaThread "Attach Listener"            daemon [_thread_blocked, id=9448, stack(0x000000453a800000,0x000000453a900000) (1024K)]
  0x00000195b6d6c0d0 JavaThread "Service Thread"             daemon [_thread_blocked, id=14600, stack(0x000000453a900000,0x000000453aa00000) (1024K)]
  0x00000195b6d6cb20 JavaThread "Monitor Deflation Thread"   daemon [_thread_blocked, id=8844, stack(0x000000453aa00000,0x000000453ab00000) (1024K)]
  0x00000195b6d6e2b0 JavaThread "C2 CompilerThread0"         daemon [_thread_blocked, id=9128, stack(0x000000453ab00000,0x000000453ac00000) (1024K)]
  0x00000195b71fd9a0 JavaThread "C1 CompilerThread0"         daemon [_thread_blocked, id=6828, stack(0x000000453ac00000,0x000000453ad00000) (1024K)]
  0x00000195b72e2200 JavaThread "Common-Cleaner"             daemon [_thread_blocked, id=3704, stack(0x000000453ad00000,0x000000453ae00000) (1024K)]
  0x00000195b73c6f30 JavaThread "Notification Thread"        daemon [_thread_blocked, id=788, stack(0x000000453ae00000,0x000000453af00000) (1024K)]
  0x00000195fd1d7e70 JavaThread "RMI TCP Accept-0"           daemon [_thread_in_native, id=17476, stack(0x000000453b000000,0x000000453b100000) (1024K)]
  0x00000195b7d26320 JavaThread "RMI TCP Accept-1099"        daemon [_thread_in_native, id=316, stack(0x000000453b100000,0x000000453b200000) (1024K)]
  0x00000195fd134870 JavaThread "RMI TCP Accept-0"           daemon [_thread_in_native, id=2824, stack(0x000000453b200000,0x000000453b300000) (1024K)]
  0x00000195ff0bc9a0 JavaThread "ForkJoinPool.commonPool-worker-1" daemon [_thread_blocked, id=13200, stack(0x000000453bc00000,0x000000453bd00000) (1024K)]
  0x00000195801f74c0 JavaThread "ForkJoinPool.commonPool-worker-2" daemon [_thread_blocked, id=11696, stack(0x000000453bd00000,0x000000453be00000) (1024K)]
  0x00000195fd2a9fe0 JavaThread "ForkJoinPool.commonPool-worker-3" daemon [_thread_blocked, id=7048, stack(0x000000453be00000,0x000000453bf00000) (1024K)]
  0x00000195fd2aa640 JavaThread "ForkJoinPool.commonPool-worker-4" daemon [_thread_blocked, id=17352, stack(0x000000453bf00000,0x000000453c000000) (1024K)]
  0x00000195fde136b0 JavaThread "ForkJoinPool.commonPool-worker-5" daemon [_thread_blocked, id=3448, stack(0x000000453c000000,0x000000453c100000) (1024K)]
  0x00000195fd052270 JavaThread "ForkJoinPool.commonPool-worker-6" daemon [_thread_blocked, id=13616, stack(0x000000453c100000,0x000000453c200000) (1024K)]
  0x00000195fd050ec0 JavaThread "ForkJoinPool.commonPool-worker-7" daemon [_thread_blocked, id=16544, stack(0x000000453c200000,0x000000453c300000) (1024K)]
  0x00000195fd054340 JavaThread "ForkJoinPool.commonPool-worker-8" daemon [_thread_blocked, id=9148, stack(0x000000453c300000,0x000000453c400000) (1024K)]
  0x00000195fd053620 JavaThread "ForkJoinPool.commonPool-worker-9" daemon [_thread_blocked, id=4188, stack(0x000000453c400000,0x000000453c500000) (1024K)]
  0x00000195fd051550 JavaThread "ForkJoinPool.commonPool-worker-10" daemon [_thread_blocked, id=17968, stack(0x000000453c500000,0x000000453c600000) (1024K)]
  0x00000195fd051be0 JavaThread "ForkJoinPool.commonPool-worker-11" daemon [_thread_blocked, id=18892, stack(0x000000453c600000,0x000000453c700000) (1024K)]
  0x00000195fd052900 JavaThread "RMI TCP Connection(1)-127.0.0.1" daemon [_thread_in_native, id=9360, stack(0x000000453c700000,0x000000453c800000) (1024K)]
  0x00000195fd052f90 JavaThread "RMI Scheduler(0)"           daemon [_thread_blocked, id=10184, stack(0x000000453c800000,0x000000453c900000) (1024K)]
  0x00000195fd053cb0 JavaThread "RMI TCP Connection(2)-fe80:0:0:0:87e3:c9dd:df81:1634%10" daemon [_thread_blocked, id=6228, stack(0x000000453c900000,0x000000453ca00000) (1024K)]
  0x00000195fece9a90 JavaThread "JMX server connection timeout 47" daemon [_thread_blocked, id=18720, stack(0x000000453ca00000,0x000000453cb00000) (1024K)]
  0x00000195feceae40 JavaThread "pool-2-thread-1"            daemon [_thread_blocked, id=17332, stack(0x000000453cf00000,0x000000453d000000) (1024K)]
  0x00000195b71fd2d0 JavaThread "C2 CompilerThread1"         daemon [_thread_blocked, id=372, stack(0x000000453bb00000,0x000000453bc00000) (1024K)]
  0x00000195b71fee10 JavaThread "C2 CompilerThread2"         daemon [_thread_blocked, id=7320, stack(0x000000453d400000,0x000000453d500000) (1024K)]
  0x00000195fece86e0 JavaThread "background-scan-handler-0"  daemon [_thread_blocked, id=3328, stack(0x000000453d700000,0x000000453d800000) (1024K)]
  0x00000195fecea7b0 JavaThread "background-scan-handler-1"  daemon [_thread_blocked, id=5964, stack(0x000000453d800000,0x000000453d900000) (1024K)]
  0x00000195fecec880 JavaThread "background-scan-handler-2"  daemon [_thread_blocked, id=2244, stack(0x000000453d900000,0x000000453da00000) (1024K)]
Total: 35

Other Threads:
=>0x00000195b6d46bf0 VMThread "VM Thread"                           [id=19168, stack(0x000000453a400000,0x000000453a500000) (1024K)]
  0x00000195b6d35840 WatcherThread "VM Periodic Task Thread"        [id=9784, stack(0x000000453a300000,0x000000453a400000) (1024K)]
  0x0000019597981e70 WorkerThread "GC Thread#0"                     [id=3900, stack(0x0000004539e00000,0x0000004539f00000) (1024K)]
  0x00000195b7ba5e20 WorkerThread "GC Thread#1"                     [id=7368, stack(0x000000453b300000,0x000000453b400000) (1024K)]
  0x00000195b7bddcb0 WorkerThread "GC Thread#2"                     [id=16208, stack(0x000000453b400000,0x000000453b500000) (1024K)]
  0x00000195b7bde050 WorkerThread "GC Thread#3"                     [id=15524, stack(0x000000453b500000,0x000000453b600000) (1024K)]
  0x00000195b7bde3f0 WorkerThread "GC Thread#4"                     [id=1496, stack(0x000000453b600000,0x000000453b700000) (1024K)]
  0x00000195b7bde790 WorkerThread "GC Thread#5"                     [id=17356, stack(0x000000453b700000,0x000000453b800000) (1024K)]
  0x00000195fd161260 WorkerThread "GC Thread#6"                     [id=3744, stack(0x000000453b800000,0x000000453b900000) (1024K)]
  0x00000195b7ba2660 WorkerThread "GC Thread#7"                     [id=10368, stack(0x000000453b900000,0x000000453ba00000) (1024K)]
  0x00000195b7ba2a00 WorkerThread "GC Thread#8"                     [id=5940, stack(0x000000453ba00000,0x000000453bb00000) (1024K)]
  0x00000195fe92b170 WorkerThread "GC Thread#9"                     [id=1516, stack(0x000000453cb00000,0x000000453cc00000) (1024K)]
  0x0000019597993ba0 ConcurrentGCThread "G1 Main Marker"            [id=15712, stack(0x0000004539f00000,0x000000453a000000) (1024K)]
  0x00000195979946a0 WorkerThread "G1 Conc#0"                       [id=2840, stack(0x000000453a000000,0x000000453a100000) (1024K)]
  0x00000195fe92c390 WorkerThread "G1 Conc#1"                       [id=11360, stack(0x000000453d500000,0x000000453d600000) (1024K)]
  0x0000019580f13650 WorkerThread "G1 Conc#2"                       [id=4768, stack(0x000000453d600000,0x000000453d700000) (1024K)]
  0x00000195b6bf7a60 ConcurrentGCThread "G1 Refine#0"               [id=9756, stack(0x000000453a100000,0x000000453a200000) (1024K)]
  0x00000195b6bfa480 ConcurrentGCThread "G1 Service"                [id=3556, stack(0x000000453a200000,0x000000453a300000) (1024K)]
Total: 18

Threads with active compile tasks:
C2 CompilerThread0  8184 4986   !   4       java.nio.file.FileTreeWalker::next (144 bytes)
C1 CompilerThread0  8184 5077       3       net.neoforged.neoforgespi.language.ModFileScanData$ClassData::hashCode (7 bytes)
C2 CompilerThread1  8184 4969       4       java.nio.file.FileTreeIterator::fetchNextIfNeeded (65 bytes)
C2 CompilerThread2  8184 4990   !   4       java.nio.file.FileTreeWalker::visit (204 bytes)
Total: 4

VM state: at safepoint (normal execution)

VM Mutex/Monitor currently owned by a thread:  ([mutex/lock_event])
[0x00007ff97f50e308] Threads_lock - owner thread: 0x00000195b6d46bf0
[0x00007ff97f50e408] Heap_lock - owner thread: 0x00000195fecea7b0

Heap address: 0x0000000701200000, size: 4078 MB, Compressed Oops mode: Zero based, Oop shift amount: 3

CDS archive(s) mapped at: [0x00000195b8000000-0x00000195b8c80000-0x00000195b8c80000), size 13107200, SharedBaseAddress: 0x00000195b8000000, ArchiveRelocationMode: 1.
Compressed class space mapped at: 0x00000195b9000000-0x00000195f9000000, reserved size: 1073741824
Narrow klass base: 0x00000195b8000000, Narrow klass shift: 0, Narrow klass range: 0x100000000

GC Precious Log:
 CardTable entry size: 512
 Card Set container configuration: InlinePtr #cards 4 size 8 Array Of Cards #cards 16 size 48 Howl #buckets 8 coarsen threshold 3686 Howl Bitmap #cards 512 size 80 coarsen threshold 460 Card regions per heap region 1 cards per card region 4096
 CPUs: 12 total, 12 available
 Memory: 16307M
 Large Page Support: Disabled
 NUMA Support: Disabled
 Compressed Oops: Enabled (Zero based)
 Heap Region Size: 2M
 Heap Min Capacity: 8M
 Heap Initial Capacity: 256M
 Heap Max Capacity: 4078M
 Pre-touch: Disabled
 Parallel Workers: 10
 Concurrent Workers: 3
 Concurrent Refinement Workers: 10
 Periodic GC: Disabled

Heap:
 garbage-first heap   total 151552K, used 54023K [0x0000000701200000, 0x0000000800000000)
  region size 2048K, 4 young (8192K), 4 survivors (8192K)
 Metaspace       used 25877K, committed 26496K, reserved 1114112K
  class space    used 3019K, committed 3264K, reserved 1048576K

Heap Regions: E=young(eden), S=young(survivor), O=old, HS=humongous(starts), HC=humongous(continues), CS=collection set, F=free, TAMS=top-at-mark-start, PB=parsable bottom
|   0|0x0000000701200000, 0x0000000701400000, 0x0000000701400000|100%|HS|  |TAMS 0x0000000701200000| PB 0x0000000701200000| Complete 
|   1|0x0000000701400000, 0x0000000701600000, 0x0000000701600000|100%|HS|  |TAMS 0x0000000701400000| PB 0x0000000701400000| Complete 
|   2|0x0000000701600000, 0x0000000701800000, 0x0000000701800000|100%|HS|  |TAMS 0x0000000701600000| PB 0x0000000701600000| Complete 
|   3|0x0000000701800000, 0x0000000701a00000, 0x0000000701a00000|100%| O|  |TAMS 0x0000000701800000| PB 0x0000000701800000| Untracked 
|   4|0x0000000701a00000, 0x0000000701c00000, 0x0000000701c00000|100%| O|  |TAMS 0x0000000701a00000| PB 0x0000000701a00000| Untracked 
|   5|0x0000000701c00000, 0x0000000701e00000, 0x0000000701e00000|100%|HS|  |TAMS 0x0000000701c00000| PB 0x0000000701c00000| Complete 
|   6|0x0000000701e00000, 0x0000000702000000, 0x0000000702000000|100%| O|  |TAMS 0x0000000701e00000| PB 0x0000000701e00000| Untracked 
|   7|0x0000000702000000, 0x0000000702200000, 0x0000000702200000|100%| O|  |TAMS 0x0000000702000000| PB 0x0000000702000000| Untracked 
|   8|0x0000000702200000, 0x0000000702400000, 0x0000000702400000|100%|HS|  |TAMS 0x0000000702200000| PB 0x0000000702200000| Complete 
|   9|0x0000000702400000, 0x0000000702600000, 0x0000000702600000|100%|HS|  |TAMS 0x0000000702400000| PB 0x0000000702400000| Complete 
|  10|0x0000000702600000, 0x0000000702800000, 0x0000000702800000|100%|HS|  |TAMS 0x0000000702600000| PB 0x0000000702600000| Complete 
|  11|0x0000000702800000, 0x0000000702a00000, 0x0000000702a00000|100%| O|  |TAMS 0x0000000702800000| PB 0x0000000702800000| Untracked 
|  12|0x0000000702a00000, 0x0000000702c00000, 0x0000000702c00000|100%| O|  |TAMS 0x0000000702a00000| PB 0x0000000702a00000| Untracked 
|  13|0x0000000702c00000, 0x0000000702c00000, 0x0000000702e00000|  0%| F|  |TAMS 0x0000000702c00000| PB 0x0000000702c00000| Untracked 
|  14|0x0000000702e00000, 0x0000000703000000, 0x0000000703000000|100%|HS|  |TAMS 0x0000000702e00000| PB 0x0000000702e00000| Complete 
|  15|0x0000000703000000, 0x0000000703200000, 0x0000000703200000|100%| O|  |TAMS 0x0000000703000000| PB 0x0000000703000000| Untracked 
|  16|0x0000000703200000, 0x0000000703400000, 0x0000000703400000|100%| O|  |TAMS 0x0000000703200000| PB 0x0000000703200000| Untracked 
|  17|0x0000000703400000, 0x0000000703600000, 0x0000000703600000|100%| O|  |TAMS 0x0000000703400000| PB 0x0000000703400000| Untracked 
|  18|0x0000000703600000, 0x0000000703800000, 0x0000000703800000|100%| O|  |TAMS 0x0000000703600000| PB 0x0000000703600000| Untracked 
|  19|0x0000000703800000, 0x0000000703a00000, 0x0000000703a00000|100%| O|  |TAMS 0x0000000703800000| PB 0x0000000703800000| Untracked 
|  20|0x0000000703a00000, 0x0000000703c00000, 0x0000000703c00000|100%| O|  |TAMS 0x0000000703a00000| PB 0x0000000703a00000| Untracked 
|  21|0x0000000703c00000, 0x0000000703e00000, 0x0000000703e00000|100%| O|  |TAMS 0x0000000703c00000| PB 0x0000000703c00000| Untracked 
|  22|0x0000000703e00000, 0x0000000704000000, 0x0000000704000000|100%| O|  |TAMS 0x0000000703e00000| PB 0x0000000703e00000| Untracked 
|  23|0x0000000704000000, 0x0000000704200000, 0x0000000704200000|100%| O|  |TAMS 0x0000000704000000| PB 0x0000000704000000| Untracked 
|  24|0x0000000704200000, 0x0000000704200000, 0x0000000704400000|  0%| F|  |TAMS 0x0000000704200000| PB 0x0000000704200000| Untracked 
|  25|0x0000000704400000, 0x0000000704400000, 0x0000000704600000|  0%| F|  |TAMS 0x0000000704400000| PB 0x0000000704400000| Untracked 
|  26|0x0000000704600000, 0x0000000704600000, 0x0000000704800000|  0%| F|  |TAMS 0x0000000704600000| PB 0x0000000704600000| Untracked 
|  27|0x0000000704800000, 0x0000000704800000, 0x0000000704a00000|  0%| F|  |TAMS 0x0000000704800000| PB 0x0000000704800000| Untracked 
|  28|0x0000000704a00000, 0x0000000704ac1eb0, 0x0000000704c00000| 37%| S|CS|TAMS 0x0000000704a00000| PB 0x0000000704a00000| Complete 
|  29|0x0000000704c00000, 0x0000000704e00000, 0x0000000704e00000|100%| S|CS|TAMS 0x0000000704c00000| PB 0x0000000704c00000| Complete 
|  30|0x0000000704e00000, 0x0000000704e00000, 0x0000000705000000|  0%| F|  |TAMS 0x0000000704e00000| PB 0x0000000704e00000| Untracked 
|  31|0x0000000705000000, 0x0000000705000000, 0x0000000705200000|  0%| F|  |TAMS 0x0000000705000000| PB 0x0000000705000000| Untracked 
|  32|0x0000000705200000, 0x0000000705200000, 0x0000000705400000|  0%| F|  |TAMS 0x0000000705200000| PB 0x0000000705200000| Untracked 
|  33|0x0000000705400000, 0x0000000705600000, 0x0000000705600000|100%| S|CS|TAMS 0x0000000705400000| PB 0x0000000705400000| Complete 
|  34|0x0000000705600000, 0x0000000705800000, 0x0000000705800000|100%| S|CS|TAMS 0x0000000705600000| PB 0x0000000705600000| Complete 
|  35|0x0000000705800000, 0x0000000705800000, 0x0000000705a00000|  0%| F|  |TAMS 0x0000000705800000| PB 0x0000000705800000| Untracked 
|  36|0x0000000705a00000, 0x0000000705a00000, 0x0000000705c00000|  0%| F|  |TAMS 0x0000000705a00000| PB 0x0000000705a00000| Untracked 
|  37|0x0000000705c00000, 0x0000000705c00000, 0x0000000705e00000|  0%| F|  |TAMS 0x0000000705c00000| PB 0x0000000705c00000| Untracked 
|  38|0x0000000705e00000, 0x0000000705e00000, 0x0000000706000000|  0%| F|  |TAMS 0x0000000705e00000| PB 0x0000000705e00000| Untracked 
|  39|0x0000000706000000, 0x0000000706000000, 0x0000000706200000|  0%| F|  |TAMS 0x0000000706000000| PB 0x0000000706000000| Untracked 
|  40|0x0000000706200000, 0x0000000706200000, 0x0000000706400000|  0%| F|  |TAMS 0x0000000706200000| PB 0x0000000706200000| Untracked 
|  41|0x0000000706400000, 0x0000000706400000, 0x0000000706600000|  0%| F|  |TAMS 0x0000000706400000| PB 0x0000000706400000| Untracked 
|  42|0x0000000706600000, 0x0000000706600000, 0x0000000706800000|  0%| F|  |TAMS 0x0000000706600000| PB 0x0000000706600000| Untracked 
|  43|0x0000000706800000, 0x0000000706800000, 0x0000000706a00000|  0%| F|  |TAMS 0x0000000706800000| PB 0x0000000706800000| Untracked 
|  44|0x0000000706a00000, 0x0000000706a00000, 0x0000000706c00000|  0%| F|  |TAMS 0x0000000706a00000| PB 0x0000000706a00000| Untracked 
|  45|0x0000000706c00000, 0x0000000706c00000, 0x0000000706e00000|  0%| F|  |TAMS 0x0000000706c00000| PB 0x0000000706c00000| Untracked 
|  46|0x0000000706e00000, 0x0000000706e00000, 0x0000000707000000|  0%| F|  |TAMS 0x0000000706e00000| PB 0x0000000706e00000| Untracked 
|  47|0x0000000707000000, 0x0000000707000000, 0x0000000707200000|  0%| F|  |TAMS 0x0000000707000000| PB 0x0000000707000000| Untracked 
|  48|0x0000000707200000, 0x0000000707200000, 0x0000000707400000|  0%| F|  |TAMS 0x0000000707200000| PB 0x0000000707200000| Untracked 
|  49|0x0000000707400000, 0x0000000707400000, 0x0000000707600000|  0%| F|  |TAMS 0x0000000707400000| PB 0x0000000707400000| Untracked 
|  50|0x0000000707600000, 0x0000000707600000, 0x0000000707800000|  0%| F|  |TAMS 0x0000000707600000| PB 0x0000000707600000| Untracked 
|  51|0x0000000707800000, 0x0000000707800000, 0x0000000707a00000|  0%| F|  |TAMS 0x0000000707800000| PB 0x0000000707800000| Untracked 
|  52|0x0000000707a00000, 0x0000000707a00000, 0x0000000707c00000|  0%| F|  |TAMS 0x0000000707a00000| PB 0x0000000707a00000| Untracked 
|  53|0x0000000707c00000, 0x0000000707c00000, 0x0000000707e00000|  0%| F|  |TAMS 0x0000000707c00000| PB 0x0000000707c00000| Untracked 
|  54|0x0000000707e00000, 0x0000000707e00000, 0x0000000708000000|  0%| F|  |TAMS 0x0000000707e00000| PB 0x0000000707e00000| Untracked 
|  55|0x0000000708000000, 0x0000000708000000, 0x0000000708200000|  0%| F|  |TAMS 0x0000000708000000| PB 0x0000000708000000| Untracked 
|  56|0x0000000708200000, 0x0000000708200000, 0x0000000708400000|  0%| F|  |TAMS 0x0000000708200000| PB 0x0000000708200000| Untracked 
|  57|0x0000000708400000, 0x0000000708400000, 0x0000000708600000|  0%| F|  |TAMS 0x0000000708400000| PB 0x0000000708400000| Untracked 
|  58|0x0000000708600000, 0x0000000708600000, 0x0000000708800000|  0%| F|  |TAMS 0x0000000708600000| PB 0x0000000708600000| Untracked 
|  59|0x0000000708800000, 0x0000000708800000, 0x0000000708a00000|  0%| F|  |TAMS 0x0000000708800000| PB 0x0000000708800000| Untracked 
|  60|0x0000000708a00000, 0x0000000708a00000, 0x0000000708c00000|  0%| F|  |TAMS 0x0000000708a00000| PB 0x0000000708a00000| Untracked 
|  61|0x0000000708c00000, 0x0000000708c00000, 0x0000000708e00000|  0%| F|  |TAMS 0x0000000708c00000| PB 0x0000000708c00000| Untracked 
|  62|0x0000000708e00000, 0x0000000708e00000, 0x0000000709000000|  0%| F|  |TAMS 0x0000000708e00000| PB 0x0000000708e00000| Untracked 
|  63|0x0000000709000000, 0x0000000709000000, 0x0000000709200000|  0%| F|  |TAMS 0x0000000709000000| PB 0x0000000709000000| Untracked 
|  64|0x0000000709200000, 0x0000000709200000, 0x0000000709400000|  0%| F|  |TAMS 0x0000000709200000| PB 0x0000000709200000| Untracked 
|  99|0x000000070d800000, 0x000000070d800000, 0x000000070da00000|  0%| F|  |TAMS 0x000000070d800000| PB 0x000000070d800000| Untracked 
| 100|0x000000070da00000, 0x000000070da00000, 0x000000070dc00000|  0%| F|  |TAMS 0x000000070da00000| PB 0x000000070da00000| Untracked 
| 101|0x000000070dc00000, 0x000000070dc00000, 0x000000070de00000|  0%| F|  |TAMS 0x000000070dc00000| PB 0x000000070dc00000| Untracked 
| 102|0x000000070de00000, 0x000000070de00000, 0x000000070e000000|  0%| F|  |TAMS 0x000000070de00000| PB 0x000000070de00000| Untracked 
| 103|0x000000070e000000, 0x000000070e000000, 0x000000070e200000|  0%| F|  |TAMS 0x000000070e000000| PB 0x000000070e000000| Untracked 
| 104|0x000000070e200000, 0x000000070e200000, 0x000000070e400000|  0%| F|  |TAMS 0x000000070e200000| PB 0x000000070e200000| Untracked 
| 105|0x000000070e400000, 0x000000070e400000, 0x000000070e600000|  0%| F|  |TAMS 0x000000070e400000| PB 0x000000070e400000| Untracked 
| 106|0x000000070e600000, 0x000000070e600000, 0x000000070e800000|  0%| F|  |TAMS 0x000000070e600000| PB 0x000000070e600000| Untracked 
| 127|0x0000000711000000, 0x0000000711000000, 0x0000000711200000|  0%| F|  |TAMS 0x0000000711000000| PB 0x0000000711000000| Untracked 

Card table byte_map: [0x00000195afd50000,0x00000195b0550000] _byte_map_base: 0x00000195ac547000

Marking Bits: (CMBitMap*) 0x0000019597982570
 Bits: [0x00000195b0550000, 0x00000195b4508000)

Polling page: 0x00000195956b0000

Metaspace:

Usage:
  Non-class:     22.32 MB used.
      Class:      2.95 MB used.
       Both:     25.27 MB used.

Virtual space:
  Non-class space:       64.00 MB reserved,      22.69 MB ( 35%) committed,  1 nodes.
      Class space:        1.00 GB reserved,       3.19 MB ( <1%) committed,  1 nodes.
             Both:        1.06 GB reserved,      25.88 MB (  2%) committed. 

Chunk freelists:
   Non-Class:  8.66 MB
       Class:  12.82 MB
        Both:  21.47 MB

MaxMetaspaceSize: unlimited
CompressedClassSpaceSize: 1.00 GB
Initial GC threshold: 21.00 MB
Current GC threshold: 35.25 MB
CDS: on
 - commit_granule_bytes: 65536.
 - commit_granule_words: 8192.
 - virtual_space_node_default_size: 8388608.
 - enlarge_chunks_in_place: 1.
 - use_allocation_guard: 0.


Internal statistics:

num_allocs_failed_limit: 3.
num_arena_births: 796.
num_arena_deaths: 0.
num_vsnodes_births: 2.
num_vsnodes_deaths: 0.
num_space_committed: 412.
num_space_uncommitted: 0.
num_chunks_returned_to_freelist: 3.
num_chunks_taken_from_freelist: 1629.
num_chunk_merges: 0.
num_chunk_splits: 1012.
num_chunks_enlarged: 594.
num_inconsistent_stats: 0.

CodeHeap 'non-profiled nmethods': size=120000Kb used=3403Kb max_used=3403Kb free=116596Kb
 bounds [0x00000195a7ac0000, 0x00000195a7e20000, 0x00000195aeff0000]
CodeHeap 'profiled nmethods': size=120000Kb used=9655Kb max_used=9655Kb free=110344Kb
 bounds [0x000001959fff0000, 0x00000195a0960000, 0x00000195a7520000]
CodeHeap 'non-nmethods': size=5760Kb used=2350Kb max_used=2414Kb free=3409Kb
 bounds [0x00000195a7520000, 0x00000195a7790000, 0x00000195a7ac0000]
 total_blobs=6305 nmethods=5039 adapters=1170
 compilation: enabled
              stopped_count=0, restarted_count=0
 full_count=0

Compilation events (20 events):
Event: 6.141 Thread 0x00000195b71fd9a0 nmethod 5066 0x00000195a0954910 code [0x00000195a0954c20, 0x00000195a0955ef0]
Event: 6.145 Thread 0x00000195b71fd9a0 5067       3       java.util.LinkedList$ListItr::next (56 bytes)
Event: 6.145 Thread 0x00000195b71fd9a0 nmethod 5067 0x00000195a0956710 code [0x00000195a0956900, 0x00000195a0956e18]
Event: 6.145 Thread 0x00000195b71fd9a0 5069       3       java.util.AbstractSet::hashCode (39 bytes)
Event: 6.145 Thread 0x00000195b71fd9a0 nmethod 5069 0x00000195a0957010 code [0x00000195a0957200, 0x00000195a0957710]
Event: 6.145 Thread 0x00000195b71fd9a0 5068       3       java.util.stream.ReduceOps$2ReducingSink::accept (39 bytes)
Event: 6.145 Thread 0x00000195b71fd9a0 nmethod 5068 0x00000195a0957890 code [0x00000195a0957a60, 0x00000195a0957d88]
Event: 6.145 Thread 0x00000195b71fd9a0 5070       3       java.nio.file.Files$$Lambda/0x00000195b91fd918::apply (8 bytes)
Event: 6.145 Thread 0x00000195b71fd9a0 nmethod 5070 0x00000195a0957e90 code [0x00000195a0958040, 0x00000195a09582d0]
Event: 6.145 Thread 0x00000195b71fd9a0 5071       3       net.neoforged.fml.loading.modscan.Scanner$$Lambda/0x00000195b931a000::accept (16 bytes)
Event: 6.146 Thread 0x00000195b71fd9a0 nmethod 5071 0x00000195a0958410 code [0x00000195a09585e0, 0x00000195a09588a0]
Event: 6.146 Thread 0x00000195b71fd9a0 5072       3       net.neoforged.fml.loading.modscan.ModClassVisitor::buildData (74 bytes)
Event: 6.146 Thread 0x00000195b71fd9a0 nmethod 5072 0x00000195a0958a10 code [0x00000195a0958cc0, 0x00000195a0959a88]
Event: 6.146 Thread 0x00000195b71fd9a0 5074   !   3       net.neoforged.fml.loading.modscan.Scanner::fileVisitor (122 bytes)
Event: 6.147 Thread 0x00000195b71fd9a0 nmethod 5074 0x00000195a0959f10 code [0x00000195a095a260, 0x00000195a095bdb8]
Event: 6.147 Thread 0x00000195b71fd9a0 5073       3       net.neoforged.fml.loading.moddiscovery.ModFile$$Lambda/0x00000195b931af28::apply (12 bytes)
Event: 6.147 Thread 0x00000195b71fd9a0 nmethod 5073 0x00000195a095c810 code [0x00000195a095c9e0, 0x00000195a095cd60]
Event: 6.147 Thread 0x00000195b71fd9a0 5076       3       net.neoforged.fml.loading.modscan.ModClassVisitor::visit (65 bytes)
Event: 6.147 Thread 0x00000195b71fd9a0 nmethod 5076 0x00000195a095ce90 code [0x00000195a095d120, 0x00000195a095dbc8]
Event: 6.147 Thread 0x00000195b71fd9a0 5077       3       net.neoforged.neoforgespi.language.ModFileScanData$ClassData::hashCode (7 bytes)

GC Heap History (17 events):
Event: 0.913 GC heap before
{Heap before GC invocations=0 (full 0):
 garbage-first heap   total 262144K, used 26624K [0x0000000701200000, 0x0000000800000000)
  region size 2048K, 11 young (22528K), 0 survivors (0K)
 Metaspace       used 7361K, committed 7616K, reserved 1114112K
  class space    used 770K, committed 896K, reserved 1048576K
}
Event: 0.917 GC heap after
{Heap after GC invocations=1 (full 0):
 garbage-first heap   total 262144K, used 13145K [0x0000000701200000, 0x0000000800000000)
  region size 2048K, 2 young (4096K), 2 survivors (4096K)
 Metaspace       used 7361K, committed 7616K, reserved 1114112K
  class space    used 770K, committed 896K, reserved 1048576K
}
Event: 1.644 GC heap before
{Heap before GC invocations=1 (full 0):
 garbage-first heap   total 262144K, used 39769K [0x0000000701200000, 0x0000000800000000)
  region size 2048K, 15 young (30720K), 2 survivors (4096K)
 Metaspace       used 7860K, committed 8192K, reserved 1114112K
  class space    used 789K, committed 960K, reserved 1048576K
}
Event: 1.650 GC heap after
{Heap after GC invocations=2 (full 0):
 garbage-first heap   total 262144K, used 18577K [0x0000000701200000, 0x0000000800000000)
  region size 2048K, 2 young (4096K), 2 survivors (4096K)
 Metaspace       used 7860K, committed 8192K, reserved 1114112K
  class space    used 789K, committed 960K, reserved 1048576K
}
Event: 1.915 GC heap before
{Heap before GC invocations=2 (full 0):
 garbage-first heap   total 262144K, used 69777K [0x0000000701200000, 0x0000000800000000)
  region size 2048K, 26 young (53248K), 2 survivors (4096K)
 Metaspace       used 7925K, committed 8256K, reserved 1114112K
  class space    used 790K, committed 960K, reserved 1048576K
}
Event: 1.919 GC heap after
{Heap after GC invocations=3 (full 0):
 garbage-first heap   total 262144K, used 23067K [0x0000000701200000, 0x0000000800000000)
  region size 2048K, 4 young (8192K), 4 survivors (8192K)
 Metaspace       used 7925K, committed 8256K, reserved 1114112K
  class space    used 790K, committed 960K, reserved 1048576K
}
Event: 3.239 GC heap before
{Heap before GC invocations=3 (full 0):
 garbage-first heap   total 262144K, used 170523K [0x0000000701200000, 0x0000000800000000)
  region size 2048K, 76 young (155648K), 4 survivors (8192K)
 Metaspace       used 16832K, committed 17280K, reserved 1114112K
  class space    used 1918K, committed 2112K, reserved 1048576K
}
Event: 3.245 GC heap after
{Heap after GC invocations=4 (full 0):
 garbage-first heap   total 262144K, used 29908K [0x0000000701200000, 0x0000000800000000)
  region size 2048K, 8 young (16384K), 8 survivors (16384K)
 Metaspace       used 16832K, committed 17280K, reserved 1114112K
  class space    used 1918K, committed 2112K, reserved 1048576K
}
Event: 4.145 GC heap before
{Heap before GC invocations=4 (full 0):
 garbage-first heap   total 262144K, used 74964K [0x0000000701200000, 0x0000000800000000)
  region size 2048K, 29 young (59392K), 8 survivors (16384K)
 Metaspace       used 20971K, committed 21504K, reserved 1114112K
  class space    used 2388K, committed 2624K, reserved 1048576K
}
Event: 4.152 GC heap after
{Heap after GC invocations=5 (full 0):
 garbage-first heap   total 262144K, used 43107K [0x0000000701200000, 0x0000000800000000)
  region size 2048K, 8 young (16384K), 8 survivors (16384K)
 Metaspace       used 20971K, committed 21504K, reserved 1114112K
  class space    used 2388K, committed 2624K, reserved 1048576K
}
Event: 4.688 GC heap before
{Heap before GC invocations=6 (full 0):
 garbage-first heap   total 151552K, used 116835K [0x0000000701200000, 0x0000000800000000)
  region size 2048K, 44 young (90112K), 8 survivors (16384K)
 Metaspace       used 25786K, committed 26368K, reserved 1114112K
  class space    used 3018K, committed 3264K, reserved 1048576K
}
Event: 4.696 GC heap after
{Heap after GC invocations=7 (full 0):
 garbage-first heap   total 151552K, used 51134K [0x0000000701200000, 0x0000000800000000)
  region size 2048K, 3 young (6144K), 3 survivors (6144K)
 Metaspace       used 25786K, committed 26368K, reserved 1114112K
  class space    used 3018K, committed 3264K, reserved 1048576K
}
Event: 4.874 GC heap before
{Heap before GC invocations=7 (full 0):
 garbage-first heap   total 151552K, used 122814K [0x0000000701200000, 0x0000000800000000)
  region size 2048K, 39 young (79872K), 3 survivors (6144K)
 Metaspace       used 25864K, committed 26496K, reserved 1114112K
  class space    used 3019K, committed 3264K, reserved 1048576K
}
Event: 4.877 GC heap after
{Heap after GC invocations=8 (full 0):
 garbage-first heap   total 151552K, used 53248K [0x0000000701200000, 0x0000000800000000)
  region size 2048K, 3 young (6144K), 3 survivors (6144K)
 Metaspace       used 25864K, committed 26496K, reserved 1114112K
  class space    used 3019K, committed 3264K, reserved 1048576K
}
Event: 5.028 GC heap before
{Heap before GC invocations=8 (full 0):
 garbage-first heap   total 151552K, used 131072K [0x0000000701200000, 0x0000000800000000)
  region size 2048K, 41 young (83968K), 3 survivors (6144K)
 Metaspace       used 25875K, committed 26496K, reserved 1114112K
  class space    used 3019K, committed 3264K, reserved 1048576K
}
Event: 5.031 GC heap after
{Heap after GC invocations=9 (full 0):
 garbage-first heap   total 151552K, used 53248K [0x0000000701200000, 0x0000000800000000)
  region size 2048K, 3 young (6144K), 3 survivors (6144K)
 Metaspace       used 25875K, committed 26496K, reserved 1114112K
  class space    used 3019K, committed 3264K, reserved 1048576K
}
Event: 6.147 GC heap before
{Heap before GC invocations=9 (full 0):
 garbage-first heap   total 151552K, used 131072K [0x0000000701200000, 0x0000000800000000)
  region size 2048K, 42 young (86016K), 3 survivors (6144K)
 Metaspace       used 25877K, committed 26496K, reserved 1114112K
  class space    used 3019K, committed 3264K, reserved 1048576K
}

Dll operation events (13 events):
Event: 0.010 Loaded shared library C:\Program Files\Pylo\MCreator\jdk\bin\java.dll
Event: 0.040 Loaded shared library C:\Program Files\Pylo\MCreator\jdk\bin\jsvml.dll
Event: 0.199 Loaded shared library C:\Program Files\Pylo\MCreator\jdk\bin\net.dll
Event: 0.202 Loaded shared library C:\Program Files\Pylo\MCreator\jdk\bin\nio.dll
Event: 0.205 Loaded shared library C:\Program Files\Pylo\MCreator\jdk\bin\zip.dll
Event: 0.263 Loaded shared library C:\Program Files\Pylo\MCreator\jdk\bin\jimage.dll
Event: 0.401 Loaded shared library C:\Program Files\Pylo\MCreator\jdk\bin\management.dll
Event: 0.416 Loaded shared library C:\Program Files\Pylo\MCreator\jdk\bin\management_ext.dll
Event: 0.701 Loaded shared library C:\Program Files\Pylo\MCreator\jdk\bin\extnet.dll
Event: 0.867 Loaded shared library C:\Program Files\Pylo\MCreator\jdk\bin\verify.dll
Event: 3.353 Loaded shared library C:\Users\neryj\AppData\Local\Temp\lwjgl_neryj\3.3.3+5\x64\lwjgl.dll
Event: 3.772 Loaded shared library C:\Users\neryj\AppData\Local\Temp\lwjgl_neryj\3.3.3+5\x64\lwjgl_stb.dll
Event: 3.862 Loaded shared library C:\Users\neryj\AppData\Local\Temp\lwjgl_neryj\3.3.3+5\x64\lwjgl_opengl.dll

Deoptimization events (20 events):
Event: 6.139 Thread 0x00000195fecea7b0 Uncommon trap: trap_request=0xffffff45 fr.pc=0x00000195a7be742c relative=0x000000000000054c
Event: 6.139 Thread 0x00000195fecea7b0 Uncommon trap: reason=unstable_if action=reinterpret pc=0x00000195a7be742c method=org.objectweb.asm.ClassReader.readUtf(II[C)Ljava/lang/String; @ 41 c2
Event: 6.139 Thread 0x00000195fecea7b0 DEOPT PACKING pc=0x00000195a7be742c sp=0x000000453d8fe320
Event: 6.139 Thread 0x00000195fecea7b0 DEOPT UNPACKING pc=0x00000195a75746a2 sp=0x000000453d8fe2c8 mode 2
Event: 6.139 Thread 0x00000195fecea7b0 Uncommon trap: trap_request=0xffffff45 fr.pc=0x00000195a7b32b30 relative=0x00000000000003f0
Event: 6.139 Thread 0x00000195fecea7b0 Uncommon trap: reason=unstable_if action=reinterpret pc=0x00000195a7b32b30 method=java.lang.StringUTF16.compress([CII)[B @ 13 c2
Event: 6.139 Thread 0x00000195fecea7b0 DEOPT PACKING pc=0x00000195a7b32b30 sp=0x000000453d8fe250
Event: 6.139 Thread 0x00000195fecea7b0 DEOPT UNPACKING pc=0x00000195a75746a2 sp=0x000000453d8fe138 mode 2
Event: 6.139 Thread 0x00000195fecea7b0 Uncommon trap: trap_request=0xffffff45 fr.pc=0x00000195a7b33424 relative=0x0000000000000364
Event: 6.139 Thread 0x00000195fecea7b0 Uncommon trap: reason=unstable_if action=reinterpret pc=0x00000195a7b33424 method=java.lang.StringUTF16.compress([CII)[B @ 13 c2
Event: 6.139 Thread 0x00000195fecea7b0 DEOPT PACKING pc=0x00000195a7b33424 sp=0x000000453d8fe1d0
Event: 6.139 Thread 0x00000195fecea7b0 DEOPT UNPACKING pc=0x00000195a75746a2 sp=0x000000453d8fe138 mode 2
Event: 6.139 Thread 0x00000195fecea7b0 Uncommon trap: trap_request=0xffffff45 fr.pc=0x00000195a7b355b0 relative=0x0000000000000210
Event: 6.139 Thread 0x00000195fecea7b0 Uncommon trap: reason=unstable_if action=reinterpret pc=0x00000195a7b355b0 method=java.lang.StringUTF16.compress([CII)[B @ 13 c2
Event: 6.139 Thread 0x00000195fecea7b0 DEOPT PACKING pc=0x00000195a7b355b0 sp=0x000000453d8fe1a0
Event: 6.139 Thread 0x00000195fecea7b0 DEOPT UNPACKING pc=0x00000195a75746a2 sp=0x000000453d8fe140 mode 2
Event: 6.139 Thread 0x00000195fecea7b0 Uncommon trap: trap_request=0xffffff45 fr.pc=0x00000195a7b05f88 relative=0x00000000000001e8
Event: 6.139 Thread 0x00000195fecea7b0 Uncommon trap: reason=unstable_if action=reinterpret pc=0x00000195a7b05f88 method=java.lang.StringUTF16.compress([CI[BII)I @ 20 c2
Event: 6.139 Thread 0x00000195fecea7b0 DEOPT PACKING pc=0x00000195a7b05f88 sp=0x000000453d8fe110
Event: 6.139 Thread 0x00000195fecea7b0 DEOPT UNPACKING pc=0x00000195a75746a2 sp=0x000000453d8fe0a8 mode 2

Classes loaded (20 events):
Event: 4.607 Loading class java/util/stream/ReduceOps$1ReducingSink
Event: 4.607 Loading class java/util/stream/ReduceOps$1ReducingSink done
Event: 4.609 Loading class java/util/concurrent/CompletableFuture
Event: 4.609 Loading class java/util/concurrent/CompletionStage
Event: 4.610 Loading class java/util/concurrent/CompletionStage done
Event: 4.610 Loading class java/util/concurrent/CompletableFuture done
Event: 4.610 Loading class java/util/concurrent/CompletableFuture$AltResult
Event: 4.610 Loading class java/util/concurrent/CompletableFuture$AltResult done
Event: 4.610 Loading class java/util/concurrent/CompletableFuture$Completion
Event: 4.610 Loading class java/util/concurrent/CompletableFuture$AsynchronousCompletionTask
Event: 4.610 Loading class java/util/concurrent/CompletableFuture$AsynchronousCompletionTask done
Event: 4.610 Loading class java/util/concurrent/CompletableFuture$Completion done
Event: 4.610 Loading class java/util/concurrent/CompletableFuture$AsyncSupply
Event: 4.610 Loading class java/util/concurrent/CompletableFuture$AsyncSupply done
Event: 4.611 Loading class java/util/concurrent/CompletableFuture$UniWhenComplete
Event: 4.611 Loading class java/util/concurrent/CompletableFuture$UniCompletion
Event: 4.611 Loading class java/util/concurrent/CompletableFuture$UniCompletion done
Event: 4.611 Loading class java/util/concurrent/CompletableFuture$UniWhenComplete done
Event: 4.634 Loading class java/util/concurrent/locks/AbstractQueuedSynchronizer$SharedNode
Event: 4.634 Loading class java/util/concurrent/locks/AbstractQueuedSynchronizer$SharedNode done

Classes unloaded (0 events):
No events

Classes redefined (0 events):
No events

Internal exceptions (20 events):
Event: 4.384 Thread 0x00000195feceae40 Exception <a 'java/lang/NoSuchMethodError'{0x0000000708497ba8}: 'java.lang.Object java.lang.invoke.DirectMethodHandle$Holder.invokeSpecial(java.lang.Object, java.lang.Object, java.lang.Object, int, int, java.lang.Object)'> (0x0000000708497ba8) 
thrown [s\src\hotspot\share\interpreter\linkResolver.cpp, line 773]
Event: 4.443 Thread 0x0000019597919780 Exception <a 'java/lang/NoSuchMethodError'{0x0000000707dd3d70}: 'java.lang.Object java.lang.invoke.Invokers$Holder.invoke_MT(java.lang.Object, java.lang.Object, java.lang.Object, java.lang.Object, java.lang.Object, java.lang.Object, java.lang.Object, java.lang.Object, java.lang.Object)'> (0x0000000707dd3d70) 
thrown [s\src\hotspot\share\interpreter\linkResolver.cpp, line 773]
Event: 4.461 Thread 0x00000195feceae40 Exception <a 'java/lang/NoSuchMethodError'{0x000000070780dd80}: 'int java.lang.invoke.DirectMethodHandle$Holder.invokeSpecialIFC(java.lang.Object, java.lang.Object, java.lang.Object, java.lang.Object, java.lang.Object)'> (0x000000070780dd80) 
thrown [s\src\hotspot\share\interpreter\linkResolver.cpp, line 773]
Event: 4.463 Thread 0x00000195feceae40 Exception <a 'java/lang/NoSuchMethodError'{0x000000070781d630}: 'java.lang.Object java.lang.invoke.DirectMethodHandle$Holder.invokeStatic(java.lang.Object, long, java.lang.Object)'> (0x000000070781d630) 
thrown [s\src\hotspot\share\interpreter\linkResolver.cpp, line 773]
Event: 4.463 Thread 0x00000195feceae40 Exception <a 'java/lang/NoSuchMethodError'{0x0000000707823550}: 'java.lang.Object java.lang.invoke.DirectMethodHandle$Holder.newInvokeSpecial(java.lang.Object, long)'> (0x0000000707823550) 
thrown [s\src\hotspot\share\interpreter\linkResolver.cpp, line 773]
Event: 4.467 Thread 0x00000195feceae40 Exception <a 'java/lang/NoSuchMethodError'{0x000000070786ad10}: 'java.lang.Object java.lang.invoke.DirectMethodHandle$Holder.newInvokeSpecial(java.lang.Object, java.lang.Object, int, int, java.lang.Object, java.lang.Object)'> (0x000000070786ad10) 
thrown [s\src\hotspot\share\interpreter\linkResolver.cpp, line 773]
Event: 4.467 Thread 0x00000195feceae40 Exception <a 'java/lang/NoSuchMethodError'{0x000000070786ed78}: 'java.lang.Object java.lang.invoke.DirectMethodHandle$Holder.invokeSpecial(java.lang.Object, java.lang.Object, java.lang.Object, int, int, java.lang.Object, java.lang.Object)'> (0x000000070786ed78) 
thrown [s\src\hotspot\share\interpreter\linkResolver.cpp, line 773]
Event: 4.467 Thread 0x00000195feceae40 Exception <a 'java/lang/NoSuchMethodError'{0x0000000707875a20}: 'void java.lang.invoke.DirectMethodHandle$Holder.invokeSpecialIFC(java.lang.Object, java.lang.Object, java.lang.Object, java.lang.Object, java.lang.Object, int)'> (0x0000000707875a20) 
thrown [s\src\hotspot\share\interpreter\linkResolver.cpp, line 773]
Event: 4.469 Thread 0x00000195feceae40 Exception <a 'java/lang/NoSuchMethodError'{0x000000070788ef10}: 'java.lang.Object java.lang.invoke.DirectMethodHandle$Holder.invokeStatic(java.lang.Object, int, java.lang.Object, java.lang.Object)'> (0x000000070788ef10) 
thrown [s\src\hotspot\share\interpreter\linkResolver.cpp, line 773]
Event: 4.469 Thread 0x00000195feceae40 Exception <a 'java/lang/NoSuchMethodError'{0x00000007078950a0}: 'java.lang.Object java.lang.invoke.DirectMethodHandle$Holder.newInvokeSpecial(java.lang.Object, int, java.lang.Object)'> (0x00000007078950a0) 
thrown [s\src\hotspot\share\interpreter\linkResolver.cpp, line 773]
Event: 4.469 Thread 0x00000195feceae40 Exception <a 'java/lang/NoSuchMethodError'{0x000000070789a860}: 'java.lang.Object java.lang.invoke.DirectMethodHandle$Holder.invokeStatic(java.lang.Object, int, int)'> (0x000000070789a860) 
thrown [s\src\hotspot\share\interpreter\linkResolver.cpp, line 773]
Event: 4.470 Thread 0x00000195feceae40 Exception <a 'java/lang/NoSuchMethodError'{0x00000007079a7910}: 'java.lang.Object java.lang.invoke.DirectMethodHandle$Holder.newInvokeSpecial(java.lang.Object, java.lang.Object, int, java.lang.Object, int)'> (0x00000007079a7910) 
thrown [s\src\hotspot\share\interpreter\linkResolver.cpp, line 773]
Event: 4.481 Thread 0x0000019597919780 Exception <a 'java/lang/NoSuchMethodError'{0x0000000707631898}: 'void java.lang.invoke.DirectMethodHandle$Holder.invokeSpecial(java.lang.Object, java.lang.Object, java.lang.Object, java.lang.Object, java.lang.Object, java.lang.Object)'> (0x0000000707631898) 
thrown [s\src\hotspot\share\interpreter\linkResolver.cpp, line 773]
Event: 4.577 Thread 0x0000019597919780 Exception <a 'java/lang/NoSuchMethodError'{0x0000000706f502a0}: 'java.lang.Object java.lang.invoke.DirectMethodHandle$Holder.invokeStaticInit(java.lang.Object, int)'> (0x0000000706f502a0) 
thrown [s\src\hotspot\share\interpreter\linkResolver.cpp, line 773]
Event: 4.594 Thread 0x0000019597919780 Implicit null exception at 0x00000195a7d9f1de to 0x00000195a7d9f21c
Event: 4.610 Thread 0x0000019597919780 Exception <a 'java/lang/NoSuchMethodError'{0x0000000706b1ca90}: 'void java.lang.invoke.DirectMethodHandle$Holder.invokeVirtual(java.lang.Object, java.lang.Object, java.lang.Object, java.lang.Object)'> (0x0000000706b1ca90) 
thrown [s\src\hotspot\share\interpreter\linkResolver.cpp, line 773]
Event: 4.613 Thread 0x00000195fecea7b0 Implicit null exception at 0x00000195a7cbee2d to 0x00000195a7cbf2c8
Event: 4.621 Thread 0x0000019597919780 Exception <a 'java/lang/NoSuchMethodError'{0x0000000706bbd400}: 'int java.lang.invoke.Invokers$Holder.linkToTargetMethod(java.lang.Object, java.lang.Object)'> (0x0000000706bbd400) 
thrown [s\src\hotspot\share\interpreter\linkResolver.cpp, line 773]
Event: 4.654 Thread 0x00000195fecea7b0 Exception <a 'java/lang/NoSuchMethodError'{0x0000000705c21780}: 'java.lang.Object java.lang.invoke.Invokers$Holder.invoke_MT(java.lang.Object, java.lang.Object, java.lang.Object, java.lang.Object, java.lang.Object, java.lang.Object, java.lang.Object, java.lang.Object, java.lang.Object, java.lang.Object)'> (0x0000000705c21780) 
thrown [s\src\hotspot\share\interpreter\linkResolver.cpp, line 773]
Event: 4.659 Thread 0x00000195fecea7b0 Exception <a 'java/lang/NoSuchMethodError'{0x0000000705be80c8}: 'java.lang.Object java.lang.invoke.Invokers$Holder.invoker(java.lang.Object, java.lang.Object, java.lang.Object, java.lang.Object, java.lang.Object, java.lang.Object, java.lang.Object, java.lang.Object, java.lang.Object, java.lang.Object, java.lang.Object, java.lang.Object)'> (0x0000000705be80c8) 
thrown [s\src\hotspot\share\interpreter\linkResolver.cpp, line 773]

ZGC Phase Switch (0 events):
No events

VM Operations (20 events):
Event: 4.454 Executing VM operation: HandshakeAllThreads (Deoptimize) done
Event: 4.507 Executing VM operation: HandshakeAllThreads (Deoptimize)
Event: 4.507 Executing VM operation: HandshakeAllThreads (Deoptimize) done
Event: 4.525 Executing VM operation: HandshakeAllThreads (Deoptimize)
Event: 4.525 Executing VM operation: HandshakeAllThreads (Deoptimize) done
Event: 4.551 Executing VM operation: ICBufferFull
Event: 4.551 Executing VM operation: ICBufferFull done
Event: 4.662 Executing VM operation: ICBufferFull
Event: 4.662 Executing VM operation: ICBufferFull done
Event: 4.688 Executing VM operation: G1CollectForAllocation (G1 Evacuation Pause)
Event: 4.696 Executing VM operation: G1CollectForAllocation (G1 Evacuation Pause) done
Event: 4.874 Executing VM operation: G1CollectForAllocation (G1 Evacuation Pause)
Event: 4.877 Executing VM operation: G1CollectForAllocation (G1 Evacuation Pause) done
Event: 5.028 Executing VM operation: G1CollectForAllocation (G1 Evacuation Pause)
Event: 5.031 Executing VM operation: G1CollectForAllocation (G1 Evacuation Pause) done
Event: 6.039 Executing VM operation: Cleanup
Event: 6.117 Executing VM operation: Cleanup done
Event: 6.147 Executing VM operation: G1CollectForAllocation (G1 Evacuation Pause)
Event: 6.147 Executing VM operation: G1CollectForAllocation (G1 Evacuation Pause) done
Event: 6.147 Executing VM operation: G1CollectForAllocation (GCLocker Initiated GC)

Memory protections (0 events):
No events

Nmethod flushes (0 events):
No events

Events (20 events):
Event: 2.497 Thread 0x00000195b7d26320 Thread added: 0x00000195fd052900
Event: 2.539 Thread 0x00000195fd052900 Thread added: 0x00000195fd052f90
Event: 2.555 Thread 0x00000195fd1d7e70 Thread added: 0x00000195fd053cb0
Event: 2.581 Thread 0x00000195fd053cb0 Thread added: 0x00000195fece9a90
Event: 3.061 Thread 0x0000019597919780 Thread added: 0x00000195fece9400
Event: 3.065 Thread 0x00000195fece9400 Thread exited: 0x00000195fece9400
Event: 3.076 Thread 0x0000019597919780 Thread added: 0x00000195fecea120
Event: 3.092 Thread 0x00000195fecea120 Thread exited: 0x00000195fecea120
Event: 3.122 Thread 0x0000019597919780 Thread added: 0x00000195fecea120
Event: 3.124 Thread 0x00000195fecea120 Thread exited: 0x00000195fecea120
Event: 3.432 Thread 0x0000019597919780 Thread added: 0x00000195feceae40
Event: 3.710 Thread 0x00000195b71fd2d0 Thread exited: 0x00000195b71fd2d0
Event: 3.710 Thread 0x00000195b7200280 Thread exited: 0x00000195b7200280
Event: 3.862 Thread 0x00000195b71fd9a0 Thread added: 0x00000195b71fd2d0
Event: 3.862 Thread 0x00000195b71fd9a0 Thread added: 0x00000195b71fcc00
Event: 4.152 Thread 0x00000195b71fcc00 Thread exited: 0x00000195b71fcc00
Event: 4.511 Thread 0x00000195b71fd9a0 Thread added: 0x00000195b71fee10
Event: 4.610 Thread 0x0000019597919780 Thread added: 0x00000195fece86e0
Event: 4.612 Thread 0x0000019597919780 Thread added: 0x00000195fecea7b0
Event: 4.612 Thread 0x0000019597919780 Thread added: 0x00000195fecec880


Dynamic libraries:
0x00007ff7b2dd0000 - 0x00007ff7b2dde000 	C:\Program Files\Pylo\MCreator\jdk\bin\java.exe
0x00007ffa2adc0000 - 0x00007ffa2b027000 	C:\WINDOWS\SYSTEM32\ntdll.dll
0x00007ffa29da0000 - 0x00007ffa29e69000 	C:\WINDOWS\System32\KERNEL32.DLL
0x00007ffa28490000 - 0x00007ffa28880000 	C:\WINDOWS\System32\KERNELBASE.dll
0x00007ffa28a00000 - 0x00007ffa28b4b000 	C:\WINDOWS\System32\ucrtbase.dll
0x00007ffa22f40000 - 0x00007ffa22f5e000 	C:\Program Files\Pylo\MCreator\jdk\bin\VCRUNTIME140.dll
0x00007ffa0d690000 - 0x00007ffa0d6a8000 	C:\Program Files\Pylo\MCreator\jdk\bin\jli.dll
0x00007ffa29640000 - 0x00007ffa29805000 	C:\WINDOWS\System32\USER32.dll
0x00007ffa283d0000 - 0x00007ffa283f7000 	C:\WINDOWS\System32\win32u.dll
0x00007ffa29f70000 - 0x00007ffa29f9b000 	C:\WINDOWS\System32\GDI32.dll
0x00007ffa27f90000 - 0x00007ffa280c8000 	C:\WINDOWS\System32\gdi32full.dll
0x00007ffa28890000 - 0x00007ffa28933000 	C:\WINDOWS\System32\msvcp_win.dll
0x00007ffa0e500000 - 0x00007ffa0e79a000 	C:\WINDOWS\WinSxS\amd64_microsoft.windows.common-controls_6595b64144ccf1df_6.0.26100.4768_none_3e0c112ce331287c\COMCTL32.dll
0x00007ffa29ec0000 - 0x00007ffa29f69000 	C:\WINDOWS\System32\msvcrt.dll
0x00007ffa28bf0000 - 0x00007ffa28c1f000 	C:\WINDOWS\System32\IMM32.DLL
0x00007ffa22e70000 - 0x00007ffa22e7c000 	C:\Program Files\Pylo\MCreator\jdk\bin\vcruntime140_1.dll
0x00007ff9db190000 - 0x00007ff9db21d000 	C:\Program Files\Pylo\MCreator\jdk\bin\msvcp140.dll
0x00007ff97e860000 - 0x00007ff97f5f0000 	C:\Program Files\Pylo\MCreator\jdk\bin\server\jvm.dll
0x00007ffa2a110000 - 0x00007ffa2a1c4000 	C:\WINDOWS\System32\ADVAPI32.dll
0x00007ffa2acc0000 - 0x00007ffa2ad66000 	C:\WINDOWS\System32\sechost.dll
0x00007ffa2a350000 - 0x00007ffa2a468000 	C:\WINDOWS\System32\RPCRT4.dll
0x00007ffa2abc0000 - 0x00007ffa2ac34000 	C:\WINDOWS\System32\WS2_32.dll
0x00007ffa27bb0000 - 0x00007ffa27c0e000 	C:\WINDOWS\SYSTEM32\POWRPROF.dll
0x00007ffa189c0000 - 0x00007ffa189f5000 	C:\WINDOWS\SYSTEM32\WINMM.dll
0x00007ffa1fe50000 - 0x00007ffa1fe5b000 	C:\WINDOWS\SYSTEM32\VERSION.dll
0x00007ffa27b90000 - 0x00007ffa27ba4000 	C:\WINDOWS\SYSTEM32\UMPDC.dll
0x00007ffa26c70000 - 0x00007ffa26c8b000 	C:\WINDOWS\SYSTEM32\kernel.appcore.dll
0x00007ffa22e30000 - 0x00007ffa22e3a000 	C:\Program Files\Pylo\MCreator\jdk\bin\jimage.dll
0x00007ffa17bd0000 - 0x00007ffa17e11000 	C:\WINDOWS\SYSTEM32\DBGHELP.DLL
0x00007ffa29810000 - 0x00007ffa29b95000 	C:\WINDOWS\System32\combase.dll
0x00007ffa2a200000 - 0x00007ffa2a2e0000 	C:\WINDOWS\System32\OLEAUT32.dll
0x00007ffa08860000 - 0x00007ffa088a3000 	C:\WINDOWS\SYSTEM32\dbgcore.DLL
0x00007ffa27ef0000 - 0x00007ffa27f89000 	C:\WINDOWS\System32\bcryptPrimitives.dll
0x00007ff9f9fc0000 - 0x00007ff9f9fdf000 	C:\Program Files\Pylo\MCreator\jdk\bin\java.dll
0x00007ffa2a470000 - 0x00007ffa2abbd000 	C:\WINDOWS\System32\SHELL32.dll
0x00007ffa280d0000 - 0x00007ffa28243000 	C:\WINDOWS\System32\wintypes.dll
0x00007ffa25b10000 - 0x00007ffa26370000 	C:\WINDOWS\SYSTEM32\windows.storage.dll
0x00007ffa29ba0000 - 0x00007ffa29c95000 	C:\WINDOWS\System32\SHCORE.dll
0x00007ffa28c60000 - 0x00007ffa28cca000 	C:\WINDOWS\System32\shlwapi.dll
0x00007ffa27de0000 - 0x00007ffa27e09000 	C:\WINDOWS\SYSTEM32\profapi.dll
0x00007ff9b2030000 - 0x00007ff9b2107000 	C:\Program Files\Pylo\MCreator\jdk\bin\jsvml.dll
0x00007ffa218e0000 - 0x00007ffa218f0000 	C:\Program Files\Pylo\MCreator\jdk\bin\net.dll
0x00007ffa20da0000 - 0x00007ffa20ebe000 	C:\WINDOWS\SYSTEM32\WINHTTP.dll
0x00007ffa27200000 - 0x00007ffa2726b000 	C:\WINDOWS\system32\mswsock.dll
0x00007ff9f7630000 - 0x00007ff9f7646000 	C:\Program Files\Pylo\MCreator\jdk\bin\nio.dll
0x00007ff9df420000 - 0x00007ff9df438000 	C:\Program Files\Pylo\MCreator\jdk\bin\zip.dll
0x00007ffa0d680000 - 0x00007ffa0d68a000 	C:\Program Files\Pylo\MCreator\jdk\bin\management.dll
0x00007ffa0d630000 - 0x00007ffa0d63b000 	C:\Program Files\Pylo\MCreator\jdk\bin\management_ext.dll
0x00007ffa28be0000 - 0x00007ffa28be8000 	C:\WINDOWS\System32\PSAPI.DLL
0x00007ff98e260000 - 0x00007ff98e278000 	C:\WINDOWS\system32\napinsp.dll
0x00007ffa26710000 - 0x00007ffa26836000 	C:\WINDOWS\SYSTEM32\DNSAPI.dll
0x00007ffa26680000 - 0x00007ffa266b3000 	C:\WINDOWS\SYSTEM32\IPHLPAPI.DLL
0x00007ffa2ad70000 - 0x00007ffa2ad7a000 	C:\WINDOWS\System32\NSI.dll
0x00007ff98e280000 - 0x00007ff98e292000 	C:\WINDOWS\System32\winrnr.dll
0x00007ff98e2a0000 - 0x00007ff98e2d0000 	C:\WINDOWS\system32\nlansp_c.dll
0x00007ffa21030000 - 0x00007ffa21050000 	C:\WINDOWS\system32\wshbth.dll
0x00007ffa21020000 - 0x00007ffa2102b000 	C:\Windows\System32\rasadhlp.dll
0x00007ffa1f5f0000 - 0x00007ffa1f676000 	C:\WINDOWS\System32\fwpuclnt.dll
0x00007ffa274c0000 - 0x00007ffa274db000 	C:\WINDOWS\SYSTEM32\CRYPTSP.dll
0x00007ffa26bd0000 - 0x00007ffa26c0b000 	C:\WINDOWS\system32\rsaenh.dll
0x00007ffa272a0000 - 0x00007ffa272cb000 	C:\WINDOWS\SYSTEM32\USERENV.dll
0x00007ffa27e10000 - 0x00007ffa27e36000 	C:\WINDOWS\SYSTEM32\bcrypt.dll
0x00007ffa274e0000 - 0x00007ffa274ec000 	C:\WINDOWS\SYSTEM32\CRYPTBASE.dll
0x00007ffa09bc0000 - 0x00007ffa09bc9000 	C:\Program Files\Pylo\MCreator\jdk\bin\extnet.dll
0x00007ffa0a070000 - 0x00007ffa0a080000 	C:\Program Files\Pylo\MCreator\jdk\bin\verify.dll
0x00007ffa0c000000 - 0x00007ffa0c04e000 	C:\WINDOWS\SYSTEM32\pdh.dll
0x00007ffa0af20000 - 0x00007ffa0af32000 	C:\WINDOWS\System32\perfproc.dll
0x00007ffa0a050000 - 0x00007ffa0a061000 	C:\WINDOWS\System32\perfos.dll
0x00007ffa24ba0000 - 0x00007ffa24bb2000 	C:\WINDOWS\SYSTEM32\pfclient.dll
0x00007ffa015d0000 - 0x00007ffa0164b000 	C:\Users\neryj\AppData\Local\Temp\lwjgl_neryj\3.3.3+5\x64\lwjgl.dll
0x00007ff9d57f0000 - 0x00007ff9d5872000 	C:\Users\neryj\AppData\Local\Temp\lwjgl_neryj\3.3.3+5\x64\glfw.dll
0x00007ff9d5360000 - 0x00007ff9d53ab000 	C:\WINDOWS\SYSTEM32\dinput8.dll
0x00007ffa06580000 - 0x00007ffa06592000 	C:\WINDOWS\SYSTEM32\xinput1_4.dll
0x00007ffa27ad0000 - 0x00007ffa27afd000 	C:\WINDOWS\SYSTEM32\DEVOBJ.dll
0x00007ffa27b00000 - 0x00007ffa27b57000 	C:\WINDOWS\SYSTEM32\cfgmgr32.dll
0x00007ffa25460000 - 0x00007ffa25495000 	C:\WINDOWS\SYSTEM32\dwmapi.dll
0x00007ffa14ff0000 - 0x00007ffa151d2000 	C:\WINDOWS\SYSTEM32\inputhost.dll
0x00007ffa24a70000 - 0x00007ffa24b95000 	C:\WINDOWS\SYSTEM32\CoreMessaging.dll
0x00007ffa25180000 - 0x00007ffa2522f000 	C:\WINDOWS\system32\uxtheme.dll
0x00007ffa29fa0000 - 0x00007ffa2a101000 	C:\WINDOWS\System32\MSCTF.dll
0x00007ff9b1d80000 - 0x00007ff9b1e98000 	C:\WINDOWS\SYSTEM32\opengl32.dll
0x00007ff9cf5b0000 - 0x00007ff9cf5dd000 	C:\WINDOWS\SYSTEM32\GLU32.dll
0x00007ffa252a0000 - 0x00007ffa252ed000 	C:\WINDOWS\SYSTEM32\dxcore.dll
0x00007ffa1afd0000 - 0x00007ffa1afea000 	C:\WINDOWS\SYSTEM32\windows.staterepositorycore.dll
0x00007ff97b1e0000 - 0x00007ff97da76000 	C:\WINDOWS\System32\DriverStore\FileRepository\nv_dispi.inf_amd64_2c61c4d89b199ea8\nvoglv64.dll
0x00007ffa28fc0000 - 0x00007ffa29446000 	C:\WINDOWS\System32\SETUPAPI.dll
0x00007ffa28d80000 - 0x00007ffa28f20000 	C:\WINDOWS\System32\ole32.dll
0x00007ffa25010000 - 0x00007ffa25026000 	C:\WINDOWS\SYSTEM32\WTSAPI32.dll
0x00007ffa27530000 - 0x00007ffa27543000 	C:\WINDOWS\SYSTEM32\msasn1.dll
0x00007ffa1fe10000 - 0x00007ffa1fe4b000 	C:\WINDOWS\SYSTEM32\cryptnet.dll
0x00007ffa28250000 - 0x00007ffa283c7000 	C:\WINDOWS\System32\CRYPT32.dll
0x00007ffa275a0000 - 0x00007ffa2760b000 	C:\WINDOWS\SYSTEM32\wldp.dll
0x00007ffa1fb20000 - 0x00007ffa1fc9c000 	C:\WINDOWS\SYSTEM32\drvstore.dll
0x00007ffa28400000 - 0x00007ffa28484000 	C:\WINDOWS\System32\WINTRUST.dll
0x00007ffa26da0000 - 0x00007ffa26dd6000 	C:\WINDOWS\SYSTEM32\ntmarta.dll
0x00007ffa2a1d0000 - 0x00007ffa2a1f0000 	C:\WINDOWS\System32\imagehlp.dll
0x00007ffa1b280000 - 0x00007ffa1ed32000 	C:\WINDOWS\System32\DriverStore\FileRepository\nv_dispi.inf_amd64_2c61c4d89b199ea8\nvgpucomp64.dll
0x00007ffa27720000 - 0x00007ffa2778a000 	C:\WINDOWS\SYSTEM32\WINSTA.dll
0x00007ff9d3f00000 - 0x00007ff9d4170000 	C:\Users\neryj\AppData\Local\Temp\lwjgl_neryj\3.3.3+5\x64\jemalloc.dll
0x00007ff9d5760000 - 0x00007ff9d57e2000 	C:\Users\neryj\AppData\Local\Temp\lwjgl_neryj\3.3.3+5\x64\lwjgl_stb.dll
0x00007ffa0a150000 - 0x00007ffa0a219000 	C:\WINDOWS\SYSTEM32\mscms.dll
0x00007ff9d1660000 - 0x00007ff9d16a9000 	C:\WINDOWS\SYSTEM32\icm32.dll
0x00007ffa17a70000 - 0x00007ffa17bc1000 	C:\WINDOWS\SYSTEM32\textinputframework.dll
0x00007ffa20050000 - 0x00007ffa20333000 	C:\WINDOWS\SYSTEM32\CoreUIComponents.dll
0x00007ff9fa3b0000 - 0x00007ff9fa40e000 	C:\Users\neryj\AppData\Local\Temp\lwjgl_neryj\3.3.3+5\x64\lwjgl_opengl.dll

dbghelp: loaded successfully - version: 4.0.5 - missing functions: none
symbol engine: initialized successfully - sym options: 0x614 - pdb path: .;C:\Program Files\Pylo\MCreator\jdk\bin;C:\WINDOWS\SYSTEM32;C:\WINDOWS\WinSxS\amd64_microsoft.windows.common-controls_6595b64144ccf1df_6.0.26100.4768_none_3e0c112ce331287c;C:\Program Files\Pylo\MCreator\jdk\bin\server;C:\Users\neryj\AppData\Local\Temp\lwjgl_neryj\3.3.3+5\x64;C:\WINDOWS\System32\DriverStore\FileRepository\nv_dispi.inf_amd64_2c61c4d89b199ea8

VM Arguments:
jvm_args: -Dfml.modFolders=mcreator%%C:\Users\neryj\Documents\GitHub\minecraft_limonata\MCreatorWorkspaces\limonata\build\classes\java\main;mcreator%%C:\Users\neryj\Documents\GitHub\minecraft_limonata\MCreatorWorkspaces\limonata\build\resources\main --module-path=C:\\Users\\neryj\\.mcreator\\gradle\\caches\\modules-2\\files-2.1\\net.neoforged\\JarJarFileSystems\\0.4.1\\78f59f89defcd032ed788b151ca6a0d40ace796a\\JarJarFileSystems-0.4.1.jar;C:\\Users\\neryj\\.mcreator\\gradle\\caches\\modules-2\\files-2.1\\cpw.mods\\bootstraplauncher\\2.0.2\\1a2d076cbc33b0520cbacd591224427b2a20047d\\bootstraplauncher-2.0.2.jar;C:\\Users\\neryj\\.mcreator\\gradle\\caches\\modules-2\\files-2.1\\cpw.mods\\securejarhandler\\3.0.8\\c0ef95cecd8699a0449053ac7d9c160748d902cd\\securejarhandler-3.0.8.jar;C:\\Users\\neryj\\.mcreator\\gradle\\caches\\modules-2\\files-2.1\\org.ow2.asm\\asm-commons\\9.7\\e86dda4696d3c185fcc95d8d311904e7ce38a53f\\asm-commons-9.7.jar;C:\\Users\\neryj\\.mcreator\\gradle\\caches\\modules-2\\files-2.1\\org.ow2.asm\\asm-util\\9.7\\c0655519f24d92af2202cb681cd7c1569df6ead6\\asm-util-9.7.jar;C:\\Users\\neryj\\.mcreator\\gradle\\caches\\modules-2\\files-2.1\\org.ow2.asm\\asm-analysis\\9.7\\e4a258b7eb96107106c0599f0061cfc1832fe07a\\asm-analysis-9.7.jar;C:\\Users\\neryj\\.mcreator\\gradle\\caches\\modules-2\\files-2.1\\org.ow2.asm\\asm-tree\\9.7\\e446a17b175bfb733b87c5c2560ccb4e57d69f1a\\asm-tree-9.7.jar;C:\\Users\\neryj\\.mcreator\\gradle\\caches\\modules-2\\files-2.1\\org.ow2.asm\\asm\\9.7\\73d7b3086e14beb604ced229c302feff6449723\\asm-9.7.jar --add-modules=ALL-MODULE-PATH --add-opens=java.base/java.util.jar=cpw.mods.securejarhandler --add-opens=java.base/java.lang.invoke=cpw.mods.securejarhandler --add-exports=java.base/sun.security.util=cpw.mods.securejarhandler --add-exports=jdk.naming.dns/com.sun.jndi.dns=java.naming -Dcom.sun.management.jmxremote.port=1099 -Dcom.sun.management.jmxremote.local.only=true -Dcom.sun.management.jmxremote.ssl=false -Dcom.sun.management.jmxremote.authenticate=false -Dlog4j2.configurationFile=C:\\Users\\neryj\\Documents\\GitHub\\minecraft_limonata\\MCreatorWorkspaces\\limonata\\build\\moddev\\clientLog4j2.xml -Djava.net.preferIPv6Addresses=system -DignoreList=mixinextras-neoforge-0.4.1.jar,client-extra,neoforge- -DlegacyClassPath.file=C:\\Users\\neryj\\Documents\\GitHub\\minecraft_limonata\\MCreatorWorkspaces\\limonata\\build\\moddev\\clientLegacyClasspath.txt -Dneoforge.enableGameTest=true -Dforge.logging.markers=REGISTRIES -Dfile.encoding=UTF-8 -Duser.country=US -Duser.language=en -Duser.variant 
java_command: net.neoforged.devlaunch.Main @C:\\Users\\neryj\\Documents\\GitHub\\minecraft_limonata\\MCreatorWorkspaces\\limonata\\build\\moddev\\clientRunProgramArgs.txt
java_class_path (initial): C:\Users\neryj\Documents\GitHub\minecraft_limonata\MCreatorWorkspaces\limonata\build\classes\java\main;C:\Users\neryj\Documents\GitHub\minecraft_limonata\MCreatorWorkspaces\limonata\build\resources\main;C:\Users\neryj\Documents\GitHub\minecraft_limonata\MCreatorWorkspaces\limonata\build\moddev\artifacts\neoforge-21.1.176.jar;C:\Users\neryj\Documents\GitHub\minecraft_limonata\MCreatorWorkspaces\limonata\build\moddev\artifacts\neoforge-21.1.176-client-extra-aka-minecraft-resources.jar;C:\Users\neryj\.mcreator\gradle\caches\modules-2\files-2.1\net.neoforged\DevLaunch\1.0.2\2e0e9a67793d5bfdedee4f9ea00934dbf3f2e22d\DevLaunch-1.0.2.jar;C:\Users\neryj\.mcreator\gradle\caches\modules-2\files-2.1\net.neoforged.fancymodloader\earlydisplay\4.0.39\4388fd457faa6f04f8858d92ead5f33a354693a0\earlydisplay-4.0.39.jar;C:\Users\neryj\.mcreator\gradle\caches\modules-2\files-2.1\net.neoforged.fancymodloader\loader\4.0.39\3721e43a7254e2861a63ab4a4ce716e4150d2640\loader-4.0.39.jar;C:\Users\neryj\.mcreator\gradle\caches\modules-2\files-2.1\net.neoforged.accesstransformers\at-modlauncher\10.0.1\5aba50202aceead086bc09fbc2751c9f05cb4890\at-modlauncher-10.0.1.jar;C:\Users\neryj\.mcreator\gradle\caches\modules-2\files-2.1\net.neoforged\accesstransformers\10.0.1\fd83b5725f76eae9115e9355fa1c456a6a441400\accesstransformers-10.0.1.jar;C:\Users\neryj\.mcreator\gradle\caches\modules-2\files-2.1\net.neoforged\bus\8.0.2\163c9ef7c4bcca6d850c34e95261b606af91fe06\bus-8.0.2.jar;C:\Users\neryj\.mcreator\gradle\caches\modules-2\files-2.1\net.neoforged\coremods\7.0.3\9147e6f638b4272b3bd5fc8f92ad37802512c6c\coremods-7.0.3.jar;C:\Users\neryj\.mcreator\gradle\caches\modules-2\files-2.1\cpw.mods\modlauncher\11.0.4\6619d4812a3c092310d521ebc4c9503727563df7\modlauncher-11.0.4.jar;C:\Users\neryj\.mcreator\gradle\caches\modules-2\files-2.1\net.neoforged\mergetool\2.0.0\52fe1949be64e3303aabaaa21e315f551db9c9f4\mergetool-2.0.0-api.jar;C:\Users\neryj\.mcreator\gradle\caches\modules-2\files-2.1\com.electronwill.night-config\toml\3.8.2\c128842f759692f613ea6c3ef0ef052273bbb38c\toml-3.8.2.jar;C:\Users\neryj\.mcreator\gradle\caches\modules-2\files-2.1\com.electronwill.night-config\core\3.8.2\94eee571e1524129804d08c75f6416a3be380ad4\core-3.8.2.jar;C:\Users\neryj\.mcreator\gradle\caches\modules-2\files-2.1\net.neoforged\JarJarSelector\0.4.1\fb3cc7a58af22ad2880adb98af6d518128c47dae\JarJarSelector-0.4.1.jar;C:\Users\neryj\.mcreator\gradle\caches\modules-2\files-2.1\net.neoforged\JarJarMetadata\0.4.1\f8da03683dc81694556dc3e177c5e3bb77ae6fcb\JarJarMetadata-0.4.1.jar;C:\Users\neryj\.mcreator\gradle\caches\modules-2\files-2.1\org.apache.maven\maven-artifact\3.8.5\4433f50c07debefaed0553bd0068f4f48d449313\maven-artifact-3.8.5.jar;C:\Users\neryj\.mcreator\gradle\caches\modules-2\files-2.1\net.jodah\typetools\0.6.3\a01aaa6ddaea9ec07ec4f209487b7a46a526283a\typetools-0.6.3.jar;C:\Users\neryj\.mcreator\gradle\caches\modules-2\files-2.1\net.minecrell\terminalconsoleappender\1.3.0\b562e9bb61235c9520e26282cdee71f8f802d1fc\terminalconsoleappender-1.3.0.jar;C:\Users\neryj\.mcreator\gradle\caches\modules-2\files-2.1\net.fabricmc\sponge-mixin\0.15.2+mixin.0.8.7\2af2f021d8e02a0220dc27a7a72b4666d66d44ca\sponge-mixin-0.15.2+mixin.0.8.7.jar;C:\Users\neryj\.mcreator\gradle\caches\modules-2\files-2.1\org.openjdk.nashorn\nashorn-core\15.4\f67f5ffaa5f5130cf6fb9b133da00c7df3b532a5\nashorn-core-15.4.jar;C:\Users\neryj\.mcreator\gradle\caches\modules-2\files-2.1\org.apache.commons\commons-lang3\3.14.0\1ed471194b02f2c6cb734a0cd6f6f107c673afae\commons-lang3-3.14.0.jar;C:\Users\neryj\.mcreator\gradle\caches\modules-2\files-2.1\cpw.mods\bootstraplauncher\2.0.2\1a2d076cbc33b0520cbacd591224427b2a20047d\bootstraplauncher-2.0.2.jar;C:\Users\neryj\.mcreator\gradle\caches\modules-2\files-2.1\cpw.mods\securejarhandler\3.0.8\c0ef95cecd8699a0449053ac7d9c160748d902cd\securejarhandler-3.0.8.jar;C:\Users\neryj\.mcreator\gradle\caches\modules-2\files-2.1\org.ow2.asm\asm-commons\9.7\e86dda4696d3c185fcc95d8d311904e7ce38a53f\asm-commons-9.7.jar;C:\Users\neryj\.mcreator\gradle\caches\modules-2\files-2.1\org.ow2.asm\asm-util\9.7\c0655519f24d92af2202cb681cd7c1569df6ead6\asm-util-9.7.jar;C:\Users\neryj\.mcreator\gradle\caches\modules-2\files-2.1\org.ow2.asm\asm-analysis\9.7\e4a258b7eb96107106c0599f0061cfc1832fe07a\asm-analysis-9.7.jar;C:\Users\neryj\.mcreator\gradle\caches\modules-2\files-2.1\org.ow2.asm\asm-tree\9.7\e446a17b175bfb733b87c5c2560ccb4e57d69f1a\asm-tree-9.7.jar;C:\Users\neryj\.mcreator\gradle\caches\modules-2\files-2.1\org.ow2.asm\asm\9.7\73d7b3086e14beb604ced229c302feff6449723\asm-9.7.jar;C:\Users\neryj\.mcreator\gradle\caches\modules-2\files-2.1\net.neoforged\JarJarFileSystems\0.4.1\78f59f89defcd032ed788b151ca6a0d40ace796a\JarJarFileSystems-0.4.1.jar;C:\Users\neryj\.mcreator\gradle\caches\modules-2\files-2.1\net.sf.jopt-simple\jopt-simple\5.0.4\4fdac2fbe92dfad86aa6e9301736f6b4342a3f5c\jopt-simple-5.0.4.jar;C:\Users\neryj\.mcreator\gradle\caches\modules-2\files-2.1\commons-io\commons-io\2.15.1\f11560da189ab563a5c8e351941415430e9304ea\commons-io-2.15.1.jar;C:\Users\neryj\.mcreator\gradle\caches\modules-2\files-2.1\com.mojang\logging\1.2.7\24cb95ffb0e3433fd6e844c04e68009e504ca1c0\logging-1.2.7.jar;C:\Users\neryj\.mcreator\gradle\caches\modules-2\files-2.1\org.apache.logging.log4j\log4j-slf4j2-impl\2.22.1\d7e6693c2606cb7e7335047d7bb96dec52db5665\log4j-slf4j2-impl-2.22.1.jar;C:\Users\neryj\.mcreator\gradle\caches\modules-2\files-2.1\org.apache.logging.log4j\log4j-core\2.22.1\7183a25510a02ad00cc6a95d3b3d2a7d3c5a8dc4\log4j-core-2.22.1.jar;C:\Users\neryj\.mcreator\gradle\caches\modules-2\files-2.1\org.apache.logging.log4j\log4j-api\2.22.1\bea6fede6328fabafd7e68363161a7ea6605abd1\log4j-api-2.22.1.jar;C:\Users\neryj\.mcreator\gradle\caches\modules-2\files-2.1\com.google.guava\guava\32.1.2-jre\5e64ec7e056456bef3a4bc4c6fdaef71e8ab6318\guava-32.1.2-jre.jar;C:\Users\neryj\.mcreator\gradle\caches\modules-2\files-2.1\com.google.code.gson\gson\2.10.1\b3add478d4382b78ea20b1671390a858002feb6c\gson-2.10.1.jar;C:\Users\neryj\.mcreator\gradle\caches\modules-2\files-2.1\org.slf4j\slf4j-api\2.0.9\7cf2726fdcfbc8610f9a71fb3ed639871f315340\slf4j-api-2.0.9.jar;C:\Users\neryj\.mcreator\gradle\caches\modules-2\files-2.1\org.antlr\antlr4-runtime\4.13.1\17125bae1d965624e265ef49552f6465a2bfa307\antlr4-runtime-4.13.1.jar;C:\Users\neryj\.mcreator\gradle\caches\modules-2\files-2.1\net.minecraftforge\srgutils\0.4.15\ca408b131759478f164e010fae0d73997e125fb5\srgutils-0.4.15.jar;C:\Users\neryj\.mcreator\gradle\caches\modules-2\files-2.1\org.codehaus.plexus\plexus-utils\3.3.0\cf43b5391de623b36fe066a21127baef82c64022\plexus-utils-3.3.0.jar;C:\Users\neryj\.mcreator\gradle\caches\modules-2\files-2.1\org.jline\jline-reader\3.20.0\8f15415b022a25b473e8e16c28ae913186ffb9c4\jline-reader-3.20.0.jar;C:\Users\neryj\.mcreator\gradle\caches\modules-2\files-2.1\com.machinezoo.noexception\noexception\1.7.1\b65330c98e38a1f915fa54a6e5eca496505e3f0a\noexception-1.7.1.jar;C:\Users\neryj\.mcreator\gradle\caches\modules-2\files-2.1\com.github.oshi\oshi-core\6.4.10\b1d8ab82d11d92fd639b56d639f8f46f739dd5fa\oshi-core-6.4.10.jar;C:\Users\neryj\.mcreator\gradle\caches\modules-2\files-2.1\com.google.guava\failureaccess\1.0.1\1dcf1de382a0bf95a3d8b0849546c88bac1292c9\failureaccess-1.0.1.jar;C:\Users\neryj\.mcreator\gradle\caches\modules-2\files-2.1\com.ibm.icu\icu4j\73.2\61ad4ef7f9131fcf6d25c34b817f90d6da06c9e9\icu4j-73.2.jar;C:\Users\neryj\.mcreator\gradle\caches\modules-2\files-2.1\com.mojang\authlib\6.0.54\de8bc95660e1b2fe8793fd427a7a10dcec5b3ea7\authlib-6.0.54.jar;C:\Users\neryj\.mcreator\gradle\caches\modules-2\files-2.1\com.mojang\blocklist\1.0.10\5c685c5ffa94c4cd39496c7184c1d122e515ecef\blocklist-1.0.10.jar;C:\Users\neryj\.mcreator\gradle\caches\modules-2\files-2.1\com.mojang\brigadier\1.3.10\d15b53a14cf20fdcaa98f731af5dda654452c010\brigadier-1.3.10.jar;C:\Users\neryj\.mcreator\gradle\caches\modules-2\files-2.1\com.mojang\datafixerupper\8.0.16\67d4de6d7f95d89bcf5862995fb854ebaec02a34\datafixerupper-8.0.16.jar;C:\Users\neryj\.mcreator\gradle\caches\modules-2\files-2.1\com.mojang\patchy\2.2.10\da05971b07cbb379d002cf7eaec6a2048211fefc\patchy-2.2.10.jar;C:\Users\neryj\.mcreator\gradle\caches\modules-2\files-2.1\com.mojang\text2speech\1.17.9\3cad216e3a7f0c19b4b394388bc9ffc446f13b14\text2speech-1.17.9.jar;C:\Users\neryj\.mcreator\gradle\caches\modules-2\files-2.1\commons-codec\commons-codec\1.16.0\4e3eb3d79888d76b54e28b350915b5dc3919c9de\commons-codec-1.16.0.jar;C:\Users\neryj\.mcreator\gradle\caches\modules-2\files-2.1\commons-logging\commons-logging\1.2\4bfc12adfe4842bf07b657f0369c4cb522955686\commons-logging-1.2.jar;C:\Users\neryj\.mcreator\gradle\caches\modules-2\files-2.1\io.netty\netty-buffer\4.1.97.Final\f8f3d8644afa5e6e1a40a3a6aeb9d9aa970ecb4f\netty-buffer-4.1.97.Final.jar;C:\Users\neryj\.mcreator\gradle\caches\modules-2\files-2.1\io.netty\netty-codec\4.1.97.Final\384ba4d75670befbedb45c4d3b497a93639c206d\netty-codec-4.1.97.Final.jar;C:\Users\neryj\.mcreator\gradle\caches\modules-2\files-2.1\io.netty\netty-common\4.1.97.Final\7cceacaf11df8dc63f23d0fb58e9d4640fc88404\netty-common-4.1.97.Final.jar;C:\Users\neryj\.mcreator\gradle\caches\modules-2\files-2.1\io.netty\netty-handler\4.1.97.Final\abb86c6906bf512bf2b797a41cd7d2e8d3cd7c36\netty-handler-4.1.97.Final.jar;C:\Users\neryj\.mcreator\gradle\caches\modules-2\files-2.1\io.netty\netty-resolver\4.1.97.Final\cec8348108dc76c47cf87c669d514be52c922144\netty-resolver-4.1.97.Final.jar;C:\Users\neryj\.mcreator\gradle\caches\modules-2\files-2.1\io.netty\netty-transport-classes-epoll\4.1.97.Final\795da37ded759e862457a82d9d92c4d39ce8ecee\netty-transport-classes-epoll-4.1.97.Final.jar;C:\Users\neryj\.mcreator\gradle\caches\modules-2\files-2.1\io.netty\netty-transport-native-unix-common\4.1.97.Final\d469d84265ab70095b01b40886cabdd433b6e664\netty-transport-native-unix-common-4.1.97.Final.jar;C:\Users\neryj\.mcreator\gradle\caches\modules-2\files-2.1\io.netty\netty-transport\4.1.97.Final\f37380d23c9bb079bc702910833b2fd532c9abd0\netty-transport-4.1.97.Final.jar;C:\Users\neryj\.mcreator\gradle\caches\modules-2\files-2.1\it.unimi.dsi\fastutil\8.5.12\c24946d46824bd528054bface3231d2ecb7e95e8\fastutil-8.5.12.jar;C:\Users\neryj\.mcreator\gradle\caches\modules-2\files-2.1\net.java.dev.jna\jna-platform\5.14.0\28934d48aed814f11e4c584da55c49fa7032b31b\jna-platform-5.14.0.jar;C:\Users\neryj\.mcreator\gradle\caches\modules-2\files-2.1\net.java.dev.jna\jna\5.14.0\67bf3eaea4f0718cb376a181a629e5f88fa1c9dd\jna-5.14.0.jar;C:\Users\neryj\.mcreator\gradle\caches\modules-2\files-2.1\org.apache.commons\commons-compress\1.26.0\659feffdd12280201c8aacb8f7be94f9a883c824\commons-compress-1.26.0.jar;C:\Users\neryj\.mcreator\gradle\caches\modules-2\files-2.1\org.apache.httpcomponents\httpclient\4.5.13\e5f6cae5ca7ecaac1ec2827a9e2d65ae2869cada\httpclient-4.5.13.jar;C:\Users\neryj\.mcreator\gradle\caches\modules-2\files-2.1\org.apache.httpcomponents\httpcore\4.4.16\51cf043c87253c9f58b539c9f7e44c8894223850\httpcore-4.4.16.jar;C:\Users\neryj\.mcreator\gradle\caches\modules-2\files-2.1\org.jcraft\jorbis\0.0.17\8872d22b293e8f5d7d56ff92be966e6dc28ebdc6\jorbis-0.0.17.jar;C:\Users\neryj\.mcreator\gradle\caches\modules-2\files-2.1\org.joml\joml\1.10.5\22566d58af70ad3d72308bab63b8339906deb649\joml-1.10.5.jar;C:\Users\neryj\.mcreator\gradle\caches\modules-2\files-2.1\org.lwjgl\lwjgl-freetype\3.3.3\a0db6c84a8becc8ca05f9dbfa985edc348a824c7\lwjgl-freetype-3.3.3.jar;C:\Users\neryj\.mcreator\gradle\caches\modules-2\files-2.1\org.lwjgl\lwjgl-freetype\3.3.3\81091b006dbb43fab04c8c638e9ac87c51b4096d\lwjgl-freetype-3.3.3-natives-windows.jar;C:\Users\neryj\.mcreator\gradle\caches\modules-2\files-2.1\org.lwjgl\lwjgl-freetype\3.3.3\82028265a0a2ff33523ca75137ada7dc176e5210\lwjgl-freetype-3.3.3-natives-windows-arm64.jar;C:\Users\neryj\.mcreator\gradle\caches\modules-2\files-2.1\org.lwjgl\lwjgl-freetype\3.3.3\15a8c1de7f51d07a92eae7ce1222557073a0c0c3\lwjgl-freetype-3.3.3-natives-windows-x86.jar;C:\Users\neryj\.mcreator\gradle\caches\modules-2\files-2.1\org.lwjgl\lwjgl-glfw\3.3.3\efa1eb78c5ccd840e9f329717109b5e892d72f8e\lwjgl-glfw-3.3.3.jar;C:\Users\neryj\.mcreator\gradle\caches\modules-2\files-2.1\org.lwjgl\lwjgl-glfw\3.3.3\e449e28b4891fc423c54c85fbc5bb0b9efece67a\lwjgl-glfw-3.3.3-natives-windows.jar;C:\Users\neryj\.mcreator\gradle\caches\modules-2\files-2.1\org.lwjgl\lwjgl-glfw\3.3.3\f27018dc74f6289574502b46cce55d52817554e2\lwjgl-glfw-3.3.3-natives-windows-arm64.jar;C:\Users\neryj\.mcreator\gradle\caches\modules-2\files-2.1\org.lwjgl\lwjgl-glfw\3.3.3\32334f3fd5270a59bad9939a93115acb6de36dcf\lwjgl-glfw-3.3.3-natives-windows-x86.jar;C:\Users\neryj\.mcreator\gradle\caches\modules-2\files-2.1\org.lwjgl\lwjgl-jemalloc\3.3.3\b543467b7ff3c6920539a88ee602d34098628be5\lwjgl-jemalloc-3.3.3.jar;C:\Users\neryj\.mcreator\gradle\caches\modules-2\files-2.1\org.lwjgl\lwjgl-jemalloc\3.3.3\426222fc027602a5f21b9c0fe79cde6a4c7a011f\lwjgl-jemalloc-3.3.3-natives-windows.jar;C:\Users\neryj\.mcreator\gradle\caches\modules-2\files-2.1\org.lwjgl\lwjgl-jemalloc\3.3.3\ba1f3fed0ee4be0217eaa41c5bbfb4b9b1383c33\lwjgl-jemalloc-3.3.3-natives-windows-arm64.jar;C:\Users\neryj\.mcreator\gradle\caches\modules-2\files-2.1\org.lwjgl\lwjgl-jemalloc\3.3.3\f6063b6e0f23be483c5c88d84ce51b39dc69126c\lwjgl-jemalloc-3.3.3-natives-windows-x86.jar;C:\Users\neryj\.mcreator\gradle\caches\modules-2\files-2.1\org.lwjgl\lwjgl-openal\3.3.3\daada81ceb5fc0c291fbfdd4433cb8d9423577f2\lwjgl-openal-3.3.3.jar;C:\Users\neryj\.mcreator\gradle\caches\modules-2\files-2.1\org.lwjgl\lwjgl-openal\3.3.3\cf83862ae95d98496b26915024c7e666d8ab1c8f\lwjgl-openal-3.3.3-natives-windows.jar;C:\Users\neryj\.mcreator\gradle\caches\modules-2\files-2.1\org.lwjgl\lwjgl-openal\3.3.3\8e0615235116b9e4160dfe87bec90f5f6378bf72\lwjgl-openal-3.3.3-natives-windows-arm64.jar;C:\Users\neryj\.mcreator\gradle\caches\modules-2\files-2.1\org.lwjgl\lwjgl-openal\3.3.3\87b8d5050e3adb46bb58fe1cb2669a4a48fce10d\lwjgl-openal-3.3.3-natives-windows-x86.jar;C:\Users\neryj\.mcreator\gradle\caches\modules-2\files-2.1\org.lwjgl\lwjgl-opengl\3.3.3\2f6b0147078396a58979125a4c947664e98293a\lwjgl-opengl-3.3.3.jar;C:\Users\neryj\.mcreator\gradle\caches\modules-2\files-2.1\org.lwjgl\lwjgl-opengl\3.3.3\e6c1eec8be8a71951b830a4d69efc01c6531900c\lwjgl-opengl-3.3.3-natives-windows.jar;C:\Users\neryj\.mcreator\gradle\caches\modules-2\files-2.1\org.lwjgl\lwjgl-opengl\3.3.3\65e956d3735a1abdc82eff4baec1b61174697d4b\lwjgl-opengl-3.3.3-natives-windows-arm64.jar;C:\Users\neryj\.mcreator\gradle\caches\modules-2\files-2.1\org.lwjgl\lwjgl-opengl\3.3.3\d32d833dcaa2f355a886eaf21f0408b5f03241d\lwjgl-opengl-3.3.3-natives-windows-x86.jar;C:\Users\neryj\.mcreator\gradle\caches\modules-2\files-2.1\org.lwjgl\lwjgl-stb\3.3.3\25dd6161988d7e65f71d5065c99902402ee32746\lwjgl-stb-3.3.3.jar;C:\Users\neryj\.mcreator\gradle\caches\modules-2\files-2.1\org.lwjgl\lwjgl-stb\3.3.3\1d9facdf6541de114b0f963be33505b7679c78cb\lwjgl-stb-3.3.3-natives-windows.jar;C:\Users\neryj\.mcreator\gradle\caches\modules-2\files-2.1\org.lwjgl\lwjgl-stb\3.3.3\a584ab44de569708871f0a79561f4d8c37487f2c\lwjgl-stb-3.3.3-natives-windows-arm64.jar;C:\Users\neryj\.mcreator\gradle\caches\modules-2\files-2.1\org.lwjgl\lwjgl-stb\3.3.3\b5c874687b9aac1a936501d4ed2c49567fd1b575\lwjgl-stb-3.3.3-natives-windows-x86.jar;C:\Users\neryj\.mcreator\gradle\caches\modules-2\files-2.1\org.lwjgl\lwjgl-tinyfd\3.3.3\82d755ca94b102e9ca77283b9e2dc46d1b15fbe5\lwjgl-tinyfd-3.3.3.jar;C:\Users\neryj\.mcreator\gradle\caches\modules-2\files-2.1\org.lwjgl\lwjgl-tinyfd\3.3.3\a6697981b0449a5087c1d546fc08b4f73e8f98c9\lwjgl-tinyfd-3.3.3-natives-windows.jar;C:\Users\neryj\.mcreator\gradle\caches\modules-2\files-2.1\org.lwjgl\lwjgl-tinyfd\3.3.3\a88c494f3006eb91a7433b12a3a55a9a6c20788b\lwjgl-tinyfd-3.3.3-natives-windows-arm64.jar;C:\Users\neryj\.mcreator\gradle\caches\modules-2\files-2.1\org.lwjgl\lwjgl-tinyfd\3.3.3\c336c84ee88cccb495c6ffa112395509e7378e8a\lwjgl-tinyfd-3.3.3-natives-windows-x86.jar;C:\Users\neryj\.mcreator\gradle\caches\modules-2\files-2.1\org.lwjgl\lwjgl\3.3.3\29589b5f87ed335a6c7e7ee6a5775f81f97ecb84\lwjgl-3.3.3.jar;C:\Users\neryj\.mcreator\gradle\caches\modules-2\files-2.1\org.lwjgl\lwjgl\3.3.3\a5ed18a2b82fc91b81f40d717cb1f64c9dcb0540\lwjgl-3.3.3-natives-windows.jar;C:\Users\neryj\.mcreator\gradle\caches\modules-2\files-2.1\org.lwjgl\lwjgl\3.3.3\e9aca8c5479b520a2a7f0d542a118140e812c5e8\lwjgl-3.3.3-natives-windows-arm64.jar;C:\Users\neryj\.mcreator\gradle\caches\modules-2\files-2.1\org.lwjgl\lwjgl\3.3.3\9e670718e050aeaeea0c2d5b907cffb142f2e58f\lwjgl-3.3.3-natives-windows-x86.jar;C:\Users\neryj\.mcreator\gradle\caches\modules-2\files-2.1\org.lz4\lz4-java\1.8.0\4b986a99445e49ea5fbf5d149c4b63f6ed6c6780\lz4-java-1.8.0.jar;C:\Users\neryj\.mcreator\gradle\caches\modules-2\files-2.1\org.jline\jline-terminal\3.20.0\d0ddcc708ddf527a3454c941b7b9225cc83a15ff\jline-terminal-3.20.0.jar;C:\Users\neryj\.mcreator\gradle\caches\modules-2\files-2.1\com.google.guava\listenablefuture\9999.0-empty-to-avoid-conflict-with-guava\b421526c5f297295adef1c886e5246c39d4ac629\listenablefuture-9999.0-empty-to-avoid-conflict-with-guava.jar;C:\Users\neryj\.mcreator\gradle\caches\modules-2\files-2.1\com.google.code.findbugs\jsr305\3.0.2\25ea2e8b0c338a877313bd4672d3fe056ea78f0d\jsr305-3.0.2.jar;C:\Users\neryj\.mcreator\gradle\caches\modules-2\files-2.1\org.checkerframework\checker-qual\3.33.0\de2b60b62da487644fc11f734e73c8b0b431238f\checker-qual-3.33.0.jar;C:\Users\neryj\.mcreator\gradle\caches\modules-2\files-2.1\com.google.errorprone\error_prone_annotations\2.18.0\89b684257096f548fa39a7df9fdaa409d4d4df91\error_prone_annotations-2.18.0.jar;C:\Users\neryj\.mcreator\gradle\caches\modules-2\files-2.1\com.google.j2objc\j2objc-annotations\2.8\c85270e307e7b822f1086b93689124b89768e273\j2objc-annotations-2.8.jar
Launcher Type: SUN_STANDARD

[Global flags]
     intx CICompilerCount                          = 4                                         {product} {ergonomic}
     uint ConcGCThreads                            = 3                                         {product} {ergonomic}
     uint G1ConcRefinementThreads                  = 10                                        {product} {ergonomic}
   size_t G1HeapRegionSize                         = 2097152                                   {product} {ergonomic}
    uintx GCDrainStackTargetSize                   = 64                                        {product} {ergonomic}
   size_t InitialHeapSize                          = 268435456                                 {product} {ergonomic}
     bool ManagementServer                         = true                                      {product} {command line}
   size_t MarkStackSize                            = 4194304                                   {product} {ergonomic}
   size_t MaxHeapSize                              = 4276092928                                {product} {ergonomic}
   size_t MaxNewSize                               = 2564816896                                {product} {ergonomic}
   size_t MinHeapDeltaBytes                        = 2097152                                   {product} {ergonomic}
   size_t MinHeapSize                              = 8388608                                   {product} {ergonomic}
    uintx NonNMethodCodeHeapSize                   = 5839372                                {pd product} {ergonomic}
    uintx NonProfiledCodeHeapSize                  = 122909434                              {pd product} {ergonomic}
    uintx ProfiledCodeHeapSize                     = 122909434                              {pd product} {ergonomic}
    uintx ReservedCodeCacheSize                    = 251658240                              {pd product} {ergonomic}
     bool SegmentedCodeCache                       = true                                      {product} {ergonomic}
   size_t SoftMaxHeapSize                          = 4276092928                             {manageable} {ergonomic}
     bool UseCompressedOops                        = true                           {product lp64_product} {ergonomic}
     bool UseG1GC                                  = true                                      {product} {ergonomic}
     bool UseLargePagesIndividualAllocation        = false                                  {pd product} {ergonomic}

Logging:
Log output configuration:
 #0: stdout all=warning uptime,level,tags foldmultilines=false
 #1: stderr all=off uptime,level,tags foldmultilines=false

Environment Variables:
JAVA_HOME=C:\Program Files\Pylo\MCreator\jdk
PATH=C:\WINDOWS\system32;C:\WINDOWS;C:\WINDOWS\System32\Wbem;C:\WINDOWS\System32\WindowsPowerShell\v1.0\;C:\WINDOWS\System32\OpenSSH\;C:\Program Files\Microsoft VS Code\bin;C:\Program Files (x86)\NVIDIA Corporation\PhysX\Common;C:\Program Files\dotnet\;C:\Users\neryj\AppData\Local\Microsoft\WindowsApps;C:\Users\neryj\AppData\Local\GitHubDesktop\bin;C:\Users\neryj\.dotnet\tools;C:\Program Files\Pylo\MCreator\jdk\bin
USERNAME=neryj
OS=Windows_NT
PROCESSOR_IDENTIFIER=AMD64 Family 25 Model 33 Stepping 2, AuthenticAMD
TMP=C:\Users\neryj\AppData\Local\Temp
TEMP=C:\Users\neryj\AppData\Local\Temp




Periodic native trim disabled

---------------  S Y S T E M  ---------------

OS:
 Windows 11 , 64 bit Build 26100 (10.0.26100.4768)
OS uptime: 0 days 1:19 hours

CPU: total 12 (initial active 12) (12 cores per cpu, 2 threads per core) family 25 model 33 stepping 2 microcode 0xa201210, cx8, cmov, fxsr, ht, mmx, 3dnowpref, sse, sse2, sse3, ssse3, sse4a, sse4.1, sse4.2, popcnt, lzcnt, tsc, tscinvbit, avx, avx2, aes, erms, clmul, bmi1, bmi2, adx, sha, fma, vzeroupper, clflush, clflushopt, rdtscp, rdpid, fsrm, f16c, pku, cet_ss
Processor Information for the first 12 processors :
  Max Mhz: 3501, Current Mhz: 3501, Mhz Limit: 3501

Memory: 4k page, system-wide physical 16307M (3434M free)
TotalPageFile size 20403M (AvailPageFile size 11M)
current process WorkingSet (physical memory assigned to process): 367M, peak: 375M
current process commit charge ("private bytes"): 473M, peak: 531M

vm_info: OpenJDK 64-Bit Server VM (21.0.7+6-LTS) for windows-amd64 JRE (21.0.7+6-LTS), built on 2025-04-15T00:00:00Z by "admin" with MS VC++ 17.7 (VS2022)

END.
